Archive member included to satisfy reference by file (symbol)

d:/program files (x86)/atollic/truestudio for stm32 9.2.0/armtools/bin/../lib/gcc/arm-atollic-eabi/6.3.1/../../../../arm-atollic-eabi/lib/armv7-m\libc_nano.a(lib_a-init.o)
                              startup\startup_stm32f103xb.o (__libc_init_array)
d:/program files (x86)/atollic/truestudio for stm32 9.2.0/armtools/bin/../lib/gcc/arm-atollic-eabi/6.3.1/../../../../arm-atollic-eabi/lib/armv7-m\libc_nano.a(lib_a-memset.o)
                              Drivers\STM32F1xx_HAL_Driver\Src\stm32f1xx_hal_rcc.o (memset)
d:/program files (x86)/atollic/truestudio for stm32 9.2.0/armtools/bin/../lib/gcc/arm-atollic-eabi/6.3.1/../../../../arm-atollic-eabi/lib/armv7-m\libc_nano.a(lib_a-sprintf.o)
                              Src\main.o (sprintf)
d:/program files (x86)/atollic/truestudio for stm32 9.2.0/armtools/bin/../lib/gcc/arm-atollic-eabi/6.3.1/../../../../arm-atollic-eabi/lib/armv7-m\libc_nano.a(lib_a-strlen.o)
                              Src\lcd.o (strlen)
d:/program files (x86)/atollic/truestudio for stm32 9.2.0/armtools/bin/../lib/gcc/arm-atollic-eabi/6.3.1/../../../../arm-atollic-eabi/lib/armv7-m\libc_nano.a(lib_a-impure.o)
                              d:/program files (x86)/atollic/truestudio for stm32 9.2.0/armtools/bin/../lib/gcc/arm-atollic-eabi/6.3.1/../../../../arm-atollic-eabi/lib/armv7-m\libc_nano.a(lib_a-sprintf.o) (_impure_ptr)
d:/program files (x86)/atollic/truestudio for stm32 9.2.0/armtools/bin/../lib/gcc/arm-atollic-eabi/6.3.1/../../../../arm-atollic-eabi/lib/armv7-m\libc_nano.a(lib_a-nano-svfprintf.o)
                              d:/program files (x86)/atollic/truestudio for stm32 9.2.0/armtools/bin/../lib/gcc/arm-atollic-eabi/6.3.1/../../../../arm-atollic-eabi/lib/armv7-m\libc_nano.a(lib_a-sprintf.o) (_svfprintf_r)
d:/program files (x86)/atollic/truestudio for stm32 9.2.0/armtools/bin/../lib/gcc/arm-atollic-eabi/6.3.1/../../../../arm-atollic-eabi/lib/armv7-m\libc_nano.a(lib_a-nano-vfprintf_i.o)
                              d:/program files (x86)/atollic/truestudio for stm32 9.2.0/armtools/bin/../lib/gcc/arm-atollic-eabi/6.3.1/../../../../arm-atollic-eabi/lib/armv7-m\libc_nano.a(lib_a-nano-svfprintf.o) (_printf_i)
d:/program files (x86)/atollic/truestudio for stm32 9.2.0/armtools/bin/../lib/gcc/arm-atollic-eabi/6.3.1/../../../../arm-atollic-eabi/lib/armv7-m\libc_nano.a(lib_a-memchr-stub.o)
                              d:/program files (x86)/atollic/truestudio for stm32 9.2.0/armtools/bin/../lib/gcc/arm-atollic-eabi/6.3.1/../../../../arm-atollic-eabi/lib/armv7-m\libc_nano.a(lib_a-nano-svfprintf.o) (memchr)
d:/program files (x86)/atollic/truestudio for stm32 9.2.0/armtools/bin/../lib/gcc/arm-atollic-eabi/6.3.1/../../../../arm-atollic-eabi/lib/armv7-m\libc_nano.a(lib_a-memcpy-stub.o)
                              d:/program files (x86)/atollic/truestudio for stm32 9.2.0/armtools/bin/../lib/gcc/arm-atollic-eabi/6.3.1/../../../../arm-atollic-eabi/lib/armv7-m\libc_nano.a(lib_a-nano-svfprintf.o) (memcpy)
d:/program files (x86)/atollic/truestudio for stm32 9.2.0/armtools/bin/../lib/gcc/arm-atollic-eabi/6.3.1/../../../../arm-atollic-eabi/lib/armv7-m\libc_nano.a(lib_a-memmove.o)
                              d:/program files (x86)/atollic/truestudio for stm32 9.2.0/armtools/bin/../lib/gcc/arm-atollic-eabi/6.3.1/../../../../arm-atollic-eabi/lib/armv7-m\libc_nano.a(lib_a-nano-svfprintf.o) (memmove)
d:/program files (x86)/atollic/truestudio for stm32 9.2.0/armtools/bin/../lib/gcc/arm-atollic-eabi/6.3.1/../../../../arm-atollic-eabi/lib/armv7-m\libc_nano.a(lib_a-nano-freer.o)
                              d:/program files (x86)/atollic/truestudio for stm32 9.2.0/armtools/bin/../lib/gcc/arm-atollic-eabi/6.3.1/../../../../arm-atollic-eabi/lib/armv7-m\libc_nano.a(lib_a-nano-svfprintf.o) (_free_r)
d:/program files (x86)/atollic/truestudio for stm32 9.2.0/armtools/bin/../lib/gcc/arm-atollic-eabi/6.3.1/../../../../arm-atollic-eabi/lib/armv7-m\libc_nano.a(lib_a-nano-mallocr.o)
                              d:/program files (x86)/atollic/truestudio for stm32 9.2.0/armtools/bin/../lib/gcc/arm-atollic-eabi/6.3.1/../../../../arm-atollic-eabi/lib/armv7-m\libc_nano.a(lib_a-nano-svfprintf.o) (_malloc_r)
d:/program files (x86)/atollic/truestudio for stm32 9.2.0/armtools/bin/../lib/gcc/arm-atollic-eabi/6.3.1/../../../../arm-atollic-eabi/lib/armv7-m\libc_nano.a(lib_a-nano-reallocr.o)
                              d:/program files (x86)/atollic/truestudio for stm32 9.2.0/armtools/bin/../lib/gcc/arm-atollic-eabi/6.3.1/../../../../arm-atollic-eabi/lib/armv7-m\libc_nano.a(lib_a-nano-svfprintf.o) (_realloc_r)
d:/program files (x86)/atollic/truestudio for stm32 9.2.0/armtools/bin/../lib/gcc/arm-atollic-eabi/6.3.1/../../../../arm-atollic-eabi/lib/armv7-m\libc_nano.a(lib_a-sbrkr.o)
[...]
Memory Configuration

Name             Origin             Length             Attributes
RAM              0x20000000         0x00005000         xrw
FLASH            0x08000000         0x00010000         xr
*default*        0x00000000         0xffffffff

Linker script and memory map

LOAD d:/program files (x86)/atollic/truestudio for stm32 9.2.0/armtools/bin/../lib/gcc/arm-atollic-eabi/6.3.1/armv7-m/crti.o
LOAD d:/program files (x86)/atollic/truestudio for stm32 9.2.0/armtools/bin/../lib/gcc/arm-atollic-eabi/6.3.1/armv7-m/crtbegin.o
LOAD Drivers\STM32F1xx_HAL_Driver\Src\stm32f1xx_hal.o
LOAD Drivers\STM32F1xx_HAL_Driver\Src\stm32f1xx_hal_adc.o
LOAD Drivers\STM32F1xx_HAL_Driver\Src\stm32f1xx_hal_adc_ex.o
LOAD Drivers\STM32F1xx_HAL_Driver\Src\stm32f1xx_hal_cortex.o
LOAD Drivers\STM32F1xx_HAL_Driver\Src\stm32f1xx_hal_dma.o
LOAD Drivers\STM32F1xx_HAL_Driver\Src\stm32f1xx_hal_flash.o
LOAD Drivers\STM32F1xx_HAL_Driver\Src\stm32f1xx_hal_flash_ex.o
LOAD Drivers\STM32F1xx_HAL_Driver\Src\stm32f1xx_hal_gpio.o
LOAD Drivers\STM32F1xx_HAL_Driver\Src\stm32f1xx_hal_gpio_ex.o
LOAD Drivers\STM32F1xx_HAL_Driver\Src\stm32f1xx_hal_pwr.o
LOAD Drivers\STM32F1xx_HAL_Driver\Src\stm32f1xx_hal_rcc.o
LOAD Drivers\STM32F1xx_HAL_Driver\Src\stm32f1xx_hal_rcc_ex.o
LOAD Drivers\STM32F1xx_HAL_Driver\Src\stm32f1xx_hal_tim.o
LOAD Drivers\STM32F1xx_HAL_Driver\Src\stm32f1xx_hal_tim_ex.o
LOAD Src\lcd.o
LOAD Src\main.o
LOAD Src\stm32f1xx_hal_msp.o
LOAD Src\stm32f1xx_it.o
LOAD Src\system_stm32f1xx.o
LOAD Src\touch.o
LOAD startup\startup_stm32f103xb.o
                0x00000080                malloc_getpagesize_P = 0x80
START GROUP
LOAD d:/program files (x86)/atollic/truestudio for stm32 9.2.0/armtools/bin/../lib/gcc/arm-atollic-eabi/6.3.1/../../../../arm-atollic-eabi/lib/armv7-m\libc_nano.a
LOAD d:/program files (x86)/atollic/truestudio for stm32 9.2.0/armtools/bin/../lib/gcc/arm-atollic-eabi/6.3.1/../../../../arm-atollic-eabi/lib/armv7-m\libm.a
END GROUP
START GROUP
LOAD d:/program files (x86)/atollic/truestudio for stm32 9.2.0/armtools/bin/../lib/gcc/arm-atollic-eabi/6.3.1/armv7-m\libgcc.a
LOAD d:/program files (x86)/atollic/truestudio for stm32 9.2.0/armtools/bin/../lib/gcc/arm-atollic-eabi/6.3.1/../../../../arm-atollic-eabi/lib/armv7-m\libc_nano.a
END GROUP
START GROUP
LOAD d:/program files (x86)/atollic/truestudio for stm32 9.2.0/armtools/bin/../lib/gcc/arm-atollic-eabi/6.3.1/armv7-m\libgcc.a
LOAD d:/program files (x86)/atollic/truestudio for stm32 9.2.0/armtools/bin/../lib/gcc/arm-atollic-eabi/6.3.1/../../../../arm-atollic-eabi/lib/armv7-m\libc_nano.a
LOAD d:/program files (x86)/atollic/truestudio for stm32 9.2.0/armtools/bin/../lib/gcc/arm-atollic-eabi/6.3.1/../../../../arm-atollic-eabi/lib/armv7-m\libnosys.a
END GROUP
START GROUP
LOAD d:/program files (x86)/atollic/truestudio for stm32 9.2.0/armtools/bin/../lib/gcc/arm-atollic-eabi/6.3.1/armv7-m\libgcc.a
LOAD d:/program files (x86)/atollic/truestudio for stm32 9.2.0/armtools/bin/../lib/gcc/arm-atollic-eabi/6.3.1/../../../../arm-atollic-eabi/lib/armv7-m\libc_nano.a
LOAD d:/program files (x86)/atollic/truestudio for stm32 9.2.0/armtools/bin/../lib/gcc/arm-atollic-eabi/6.3.1/../../../../arm-atollic-eabi/lib/armv7-m\libnosys.a
END GROUP
LOAD d:/program files (x86)/atollic/truestudio for stm32 9.2.0/armtools/bin/../lib/gcc/arm-atollic-eabi/6.3.1/armv7-m/crtend.o
LOAD d:/program files (x86)/atollic/truestudio for stm32 9.2.0/armtools/bin/../lib/gcc/arm-atollic-eabi/6.3.1/armv7-m/crtn.o
                0x20005000                _estack = 0x20005000
                0x00000200                _Min_Heap_Size = 0x200
                0x00000400                _Min_Stack_Size = 0x400

.isr_vector     0x08000000      0x10c
                0x08000000                . = ALIGN (0x4)
 *(.isr_vector)
 .isr_vector    0x08000000      0x10c startup\startup_stm32f103xb.o
                0x08000000                g_pfnVectors
                0x0800010c                . = ALIGN (0x4)

.text           0x0800010c     0x29bc
                0x0800010c                . = ALIGN (0x4)
 *(.text)
 .text          0x0800010c       0x40 d:/program files (x86)/atollic/truestudio for stm32 9.2.0/armtools/bin/../lib/gcc/arm-atollic-eabi/6.3.1/armv7-m/crtbegin.o
 .text          0x0800014c       0x10 d:/program files (x86)/atollic/truestudio for stm32 9.2.0/armtools/bin/../lib/gcc/arm-atollic-eabi/6.3.1/../../../../arm-atollic-eabi/lib/armv7-m\libc_nano.a(lib_a-strlen.o)
                0x0800014c                strlen
 *(.text*)
 .text.HAL_InitTick
                0x0800015c       0x48 Drivers\STM32F1xx_HAL_Driver\Src\stm32f1xx_hal.o
                0x0800015c                HAL_InitTick
 .text.HAL_Init
                0x080001a4       0x24 Drivers\STM32F1xx_HAL_Driver\Src\stm32f1xx_hal.o
                0x080001a4                HAL_Init
 .text.HAL_IncTick
                0x080001c8       0x18 Drivers\STM32F1xx_HAL_Driver\Src\stm32f1xx_hal.o
                0x080001c8                HAL_IncTick
 .text.HAL_GetTick
                0x080001e0        0xc Drivers\STM32F1xx_HAL_Driver\Src\stm32f1xx_hal.o
                0x080001e0                HAL_GetTick
 .text.HAL_Delay
                0x080001ec       0x24 Drivers\STM32F1xx_HAL_Driver\Src\stm32f1xx_hal.o
                0x080001ec                HAL_Delay
 .text.ADC_DMAConvCplt
                0x08000210       0x4e Drivers\STM32F1xx_HAL_Driver\Src\stm32f1xx_hal_adc.o
                0x08000210                ADC_DMAConvCplt
 .text.HAL_ADC_ConvHalfCpltCallback
                0x0800025e        0x2 Drivers\STM32F1xx_HAL_Driver\Src\stm32f1xx_hal_adc.o
                0x0800025e                HAL_ADC_ConvHalfCpltCallback
 .text.ADC_DMAHalfConvCplt
                0x08000260        0xa Drivers\STM32F1xx_HAL_Driver\Src\stm32f1xx_hal_adc.o
                0x08000260                ADC_DMAHalfConvCplt
 .text.HAL_ADC_LevelOutOfWindowCallback
                0x0800026a        0x2 Drivers\STM32F1xx_HAL_Driver\Src\stm32f1xx_hal_adc.o
                0x0800026a                HAL_ADC_LevelOutOfWindowCallback
 .text.HAL_ADC_IRQHandler
                0x0800026c       0xec Drivers\STM32F1xx_HAL_Driver\Src\stm32f1xx_hal_adc.o
                0x0800026c                HAL_ADC_IRQHandler
 .text.HAL_ADC_ErrorCallback
                0x08000358        0x2 Drivers\STM32F1xx_HAL_Driver\Src\stm32f1xx_hal_adc.o
                0x08000358                HAL_ADC_ErrorCallback
 .text.ADC_DMAError
                0x0800035a       0x1a Drivers\STM32F1xx_HAL_Driver\Src\stm32f1xx_hal_adc.o
                0x0800035a                ADC_DMAError
 .text.HAL_ADC_ConfigChannel
                0x08000374      0x108 Drivers\STM32F1xx_HAL_Driver\Src\stm32f1xx_hal_adc.o
                0x08000374                HAL_ADC_ConfigChannel
 .text.ADC_Enable
                0x0800047c       0x70 Drivers\STM32F1xx_HAL_Driver\Src\stm32f1xx_hal_adc.o
                0x0800047c                ADC_Enable
 .text.HAL_ADC_Start_IT
                0x080004ec       0xcc Drivers\STM32F1xx_HAL_Driver\Src\stm32f1xx_hal_adc.o
                0x080004ec                HAL_ADC_Start_IT
 .text.HAL_ADC_Start_DMA
                0x080005b8      0x11c Drivers\STM32F1xx_HAL_Driver\Src\stm32f1xx_hal_adc.o
                0x080005b8                HAL_ADC_Start_DMA
 .text.ADC_ConversionStop_Disable
                0x080006d4       0x44 Drivers\STM32F1xx_HAL_Driver\Src\stm32f1xx_hal_adc.o
                0x080006d4                ADC_ConversionStop_Disable
 .text.HAL_ADC_Init
                0x08000718      0x100 Drivers\STM32F1xx_HAL_Driver\Src\stm32f1xx_hal_adc.o
                0x08000718                HAL_ADC_Init
 .text.HAL_ADCEx_InjectedConvCpltCallback
                0x08000818        0x2 Drivers\STM32F1xx_HAL_Driver\Src\stm32f1xx_hal_adc_ex.o
                0x08000818                HAL_ADCEx_InjectedConvCpltCallback
 *fill*         0x0800081a        0x2 
 .text.HAL_NVIC_SetPriorityGrouping
                0x0800081c       0x24 Drivers\STM32F1xx_HAL_Driver\Src\stm32f1xx_hal_cortex.o
                0x0800081c                HAL_NVIC_SetPriorityGrouping
 .text.HAL_NVIC_SetPriority
                0x08000840       0x68 Drivers\STM32F1xx_HAL_Driver\Src\stm32f1xx_hal_cortex.o
                0x08000840                HAL_NVIC_SetPriority
 .text.HAL_NVIC_EnableIRQ
                0x080008a8       0x18 Drivers\STM32F1xx_HAL_Driver\Src\stm32f1xx_hal_cortex.o
                0x080008a8                HAL_NVIC_EnableIRQ
 .text.HAL_SYSTICK_Config
                0x080008c0       0x2c Drivers\STM32F1xx_HAL_Driver\Src\stm32f1xx_hal_cortex.o
                0x080008c0                HAL_SYSTICK_Config
 .text.HAL_SYSTICK_CLKSourceConfig
                0x080008ec       0x18 Drivers\STM32F1xx_HAL_Driver\Src\stm32f1xx_hal_cortex.o
                0x080008ec                HAL_SYSTICK_CLKSourceConfig
 .text.HAL_SYSTICK_Callback
                0x08000904        0x2 Drivers\STM32F1xx_HAL_Driver\Src\stm32f1xx_hal_cortex.o
                0x08000904                HAL_SYSTICK_Callback
 .text.HAL_SYSTICK_IRQHandler
                0x08000906        0x8 Drivers\STM32F1xx_HAL_Driver\Src\stm32f1xx_hal_cortex.o
                0x08000906                HAL_SYSTICK_IRQHandler
 *fill*         0x0800090e        0x2 
 .text.HAL_DMA_Init
                0x08000910       0x68 Drivers\STM32F1xx_HAL_Driver\Src\stm32f1xx_hal_dma.o
                0x08000910                HAL_DMA_Init
 .text.HAL_DMA_Start_IT
                0x08000978       0x7a Drivers\STM32F1xx_HAL_Driver\Src\stm32f1xx_hal_dma.o
                0x08000978                HAL_DMA_Start_IT
 *fill*         0x080009f2        0x2 
 .text.HAL_DMA_IRQHandler
                0x080009f4      0x128 Drivers\STM32F1xx_HAL_Driver\Src\stm32f1xx_hal_dma.o
                0x080009f4                HAL_DMA_IRQHandler
 .text.HAL_GPIO_Init
                0x08000b1c      0x1c0 Drivers\STM32F1xx_HAL_Driver\Src\stm32f1xx_hal_gpio.o
                0x08000b1c                HAL_GPIO_Init
 .text.HAL_GPIO_WritePin
                0x08000cdc        0xa Drivers\STM32F1xx_HAL_Driver\Src\stm32f1xx_hal_gpio.o
                0x08000cdc                HAL_GPIO_WritePin
 *fill*         0x08000ce6        0x2 
 .text.HAL_RCC_OscConfig
                0x08000ce8      0x318 Drivers\STM32F1xx_HAL_Driver\Src\stm32f1xx_hal_rcc.o
                0x08000ce8                HAL_RCC_OscConfig
 .text.HAL_RCC_GetSysClockFreq
                0x08001000       0x78 Drivers\STM32F1xx_HAL_Driver\Src\stm32f1xx_hal_rcc.o
                0x08001000                HAL_RCC_GetSysClockFreq
 .text.HAL_RCC_ClockConfig
                0x08001078      0x148 Drivers\STM32F1xx_HAL_Driver\Src\stm32f1xx_hal_rcc.o
                0x08001078                HAL_RCC_ClockConfig
 .text.HAL_RCC_GetHCLKFreq
                0x080011c0        0xc Drivers\STM32F1xx_HAL_Driver\Src\stm32f1xx_hal_rcc.o
                0x080011c0                HAL_RCC_GetHCLKFreq
 .text.HAL_RCCEx_PeriphCLKConfig
                0x080011cc       0xf0 Drivers\STM32F1xx_HAL_Driver\Src\stm32f1xx_hal_rcc_ex.o
                0x080011cc                HAL_RCCEx_PeriphCLKConfig
 .text.write_8  0x080012bc       0x20 Src\lcd.o
                0x080012bc                write_8
 .text.setTextSize
                0x080012dc       0x10 Src\lcd.o
                0x080012dc                setTextSize
 .text.cs_active
                0x080012ec       0x10 Src\lcd.o
                0x080012ec                cs_active
 .text.cs_idle  0x080012fc       0x10 Src\lcd.o
                0x080012fc                cs_idle
 .text.rd_idle  0x0800130c       0x10 Src\lcd.o
                0x0800130c                rd_idle
 .text.reset_active
                0x0800131c       0x10 Src\lcd.o
                0x0800131c                reset_active
 .text.reset_idle
                0x0800132c       0x10 Src\lcd.o
                0x0800132c                reset_idle
 .text.rs_analog_input
                0x0800133c       0x1c Src\lcd.o
                0x0800133c                rs_analog_input
 .text.rs_cmd   0x08001358       0x10 Src\lcd.o
                0x08001358                rs_cmd
 .text.rs_data  0x08001368       0x10 Src\lcd.o
                0x08001368                rs_data
 .text.rs_output
                0x08001378       0x20 Src\lcd.o
                0x08001378                rs_output
 .text.wr_active
                0x08001398       0x10 Src\lcd.o
                0x08001398                wr_active
 .text.wr_analog_input
                0x080013a8       0x1c Src\lcd.o
                0x080013a8                wr_analog_input
 .text.wr_idle  0x080013c4       0x10 Src\lcd.o
                0x080013c4                wr_idle
 .text.reset    0x080013d4       0x28 Src\lcd.o
                0x080013d4                reset
 .text.wr_output
                0x080013fc       0x20 Src\lcd.o
                0x080013fc                wr_output
 .text.wr_strobe
                0x0800141c        0xe Src\lcd.o
                0x0800141c                wr_strobe
 .text.write8   0x0800142a       0x12 Src\lcd.o
                0x0800142a                write8
 .text.write16  0x0800143c       0x14 Src\lcd.o
                0x0800143c                write16
 .text.writeCmd
                0x08001450       0x16 Src\lcd.o
                0x08001450                writeCmd
 .text.writeCmdData
                0x08001466       0x1e Src\lcd.o
                0x08001466                writeCmdData
 .text.init_table16
                0x08001484       0x26 Src\lcd.o
                0x08001484                init_table16
 *fill*         0x080014aa        0x2 
 .text.invertDisplay
                0x080014ac       0x18 Src\lcd.o
                0x080014ac                invertDisplay
 .text.setAddrWindow
                0x080014c4       0x8c Src\lcd.o
                0x080014c4                setAddrWindow
 .text.drawPixel
                0x08001550       0x6c Src\lcd.o
                0x08001550                drawPixel
 .text.drawHLine
                0x080015bc       0x26 Src\lcd.o
                0x080015bc                drawHLine
 .text.drawVLine
                0x080015e2       0x26 Src\lcd.o
                0x080015e2                drawVLine
 .text.drawRect
                0x08001608       0x46 Src\lcd.o
                0x08001608                drawRect
 .text.vertScroll
                0x0800164e       0x24 Src\lcd.o
                0x0800164e                vertScroll
 *fill*         0x08001672        0x2 
 .text.setRotation
                0x08001674      0x114 Src\lcd.o
                0x08001674                setRotation
 .text.fillRect
                0x08001788       0xac Src\lcd.o
                0x08001788                fillRect
 .text.drawChar
                0x08001834       0xc8 Src\lcd.o
                0x08001834                drawChar
 .text.write    0x080018fc       0x98 Src\lcd.o
                0x080018fc                write
 .text.print    0x08001994       0x44 Src\lcd.o
                0x08001994                print
 .text.fillScreen
                0x080019d8       0x28 Src\lcd.o
                0x080019d8                fillScreen
 .text.begin    0x08001a00       0x2c Src\lcd.o
                0x08001a00                begin
 .text.startLCD
                0x08001a2c       0x20 Src\lcd.o
                0x08001a2c                startLCD
 .text.HAL_ADC_ConvCpltCallback
                0x08001a4c       0x40 Src\main.o
                0x08001a4c                HAL_ADC_ConvCpltCallback
 .text.SystemClock_Config
                0x08001a8c       0x80 Src\main.o
                0x08001a8c                SystemClock_Config
 .text.testDrawScreen
                0x08001b0c      0x110 Src\main.o
                0x08001b0c                testDrawScreen
 .text.startup.main
                0x08001c1c      0x178 Src\main.o
                0x08001c1c                main
 .text.startADC1IT
                0x08001d94        0xc Src\main.o
                0x08001d94                startADC1IT
 .text._Error_Handler
                0x08001da0        0x2 Src\main.o
                0x08001da0                _Error_Handler
 *fill*         0x08001da2        0x2 
 .text.HAL_MspInit
                0x08001da4       0xa0 Src\stm32f1xx_hal_msp.o
                0x08001da4                HAL_MspInit
 .text.HAL_ADC_MspInit
                0x08001e44       0x94 Src\stm32f1xx_hal_msp.o
                0x08001e44                HAL_ADC_MspInit
 .text.NMI_Handler
                0x08001ed8        0x2 Src\stm32f1xx_it.o
                0x08001ed8                NMI_Handler
 .text.HardFault_Handler
                0x08001eda        0x2 Src\stm32f1xx_it.o
                0x08001eda                HardFault_Handler
 .text.MemManage_Handler
                0x08001edc        0x2 Src\stm32f1xx_it.o
                0x08001edc                MemManage_Handler
 .text.BusFault_Handler
                0x08001ede        0x2 Src\stm32f1xx_it.o
                0x08001ede                BusFault_Handler
 .text.UsageFault_Handler
                0x08001ee0        0x2 Src\stm32f1xx_it.o
                0x08001ee0                UsageFault_Handler
 .text.SVC_Handler
                0x08001ee2        0x2 Src\stm32f1xx_it.o
                0x08001ee2                SVC_Handler
 .text.DebugMon_Handler
                0x08001ee4        0x2 Src\stm32f1xx_it.o
                0x08001ee4                DebugMon_Handler
 .text.PendSV_Handler
                0x08001ee6        0x2 Src\stm32f1xx_it.o
                0x08001ee6                PendSV_Handler
 .text.SysTick_Handler
                0x08001ee8        0xe Src\stm32f1xx_it.o
                0x08001ee8                SysTick_Handler
 *fill*         0x08001ef6        0x2 
 .text.DMA1_Channel1_IRQHandler
                0x08001ef8        0xc Src\stm32f1xx_it.o
                0x08001ef8                DMA1_Channel1_IRQHandler
 .text.ADC1_2_IRQHandler
                0x08001f04        0xc Src\stm32f1xx_it.o
                0x08001f04                ADC1_2_IRQHandler
 .text.SystemInit
                0x08001f10       0x4c Src\system_stm32f1xx.o
                0x08001f10                SystemInit
 .text.readTouchX
                0x08001f5c       0x40 Src\touch.o
                0x08001f5c                readTouchX
 .text.readTouchY
                0x08001f9c       0x40 Src\touch.o
                0x08001f9c                readTouchY
 .text.readTouchZ
                0x08001fdc       0x44 Src\touch.o
                0x08001fdc                readTouchZ
 .text.ISPRESSED
                0x08002020       0x6c Src\touch.o
                0x08002020                ISPRESSED
 .text.readTouch
                0x0800208c      0x11c Src\touch.o
                0x0800208c                readTouch
 .text.Reset_Handler
                0x080021a8       0x48 startup\startup_stm32f103xb.o
                0x080021a8                Reset_Handler
 .text.Default_Handler
                0x080021f0        0x2 startup\startup_stm32f103xb.o
                0x080021f0                RTC_Alarm_IRQHandler
                0x080021f0                EXTI2_IRQHandler
                0x080021f0                TIM1_CC_IRQHandler
                0x080021f0                PVD_IRQHandler
                0x080021f0                EXTI3_IRQHandler
                0x080021f0                EXTI0_IRQHandler
                0x080021f0                I2C2_EV_IRQHandler
                0x080021f0                SPI1_IRQHandler
                0x080021f0                TAMPER_IRQHandler
                0x080021f0                DMA1_Channel4_IRQHandler
                0x080021f0                USART3_IRQHandler
                0x080021f0                RTC_IRQHandler
                0x080021f0                DMA1_Channel7_IRQHandler
                0x080021f0                CAN1_RX1_IRQHandler
                0x080021f0                TIM4_IRQHandler
                0x080021f0                I2C1_EV_IRQHandler
                0x080021f0                DMA1_Channel6_IRQHandler
                0x080021f0                TIM3_IRQHandler
                0x080021f0                RCC_IRQHandler
                0x080021f0                TIM1_TRG_COM_IRQHandler
                0x080021f0                Default_Handler
                0x080021f0                EXTI15_10_IRQHandler
                0x080021f0                EXTI9_5_IRQHandler
                0x080021f0                SPI2_IRQHandler
                0x080021f0                DMA1_Channel5_IRQHandler
                0x080021f0                EXTI4_IRQHandler
                0x080021f0                USB_LP_CAN1_RX0_IRQHandler
                0x080021f0                USB_HP_CAN1_TX_IRQHandler
                0x080021f0                DMA1_Channel3_IRQHandler
                0x080021f0                TIM1_UP_IRQHandler
                0x080021f0                WWDG_IRQHandler
                0x080021f0                TIM2_IRQHandler
                0x080021f0                TIM1_BRK_IRQHandler
                0x080021f0                EXTI1_IRQHandler
                0x080021f0                USART2_IRQHandler
                0x080021f0                I2C2_ER_IRQHandler
                0x080021f0                DMA1_Channel2_IRQHandler
                0x080021f0                CAN1_SCE_IRQHandler
                0x080021f0                FLASH_IRQHandler
                0x080021f0                USART1_IRQHandler
                0x080021f0                I2C1_ER_IRQHandler
                0x080021f0                USBWakeUp_IRQHandler
 *fill*         0x080021f2        0x2 
 .text.__libc_init_array
                0x080021f4       0x48 d:/program files (x86)/atollic/truestudio for stm32 9.2.0/armtools/bin/../lib/gcc/arm-atollic-eabi/6.3.1/../../../../arm-atollic-eabi/lib/armv7-m\libc_nano.a(lib_a-init.o)
                0x080021f4                __libc_init_array
 .text.sprintf  0x0800223c       0x48 d:/program files (x86)/atollic/truestudio for stm32 9.2.0/armtools/bin/../lib/gcc/arm-atollic-eabi/6.3.1/../../../../arm-atollic-eabi/lib/armv7-m\libc_nano.a(lib_a-sprintf.o)
                0x0800223c                siprintf
                0x0800223c                sprintf
 .text.__ssputs_r
                0x08002284       0xb6 d:/program files (x86)/atollic/truestudio for stm32 9.2.0/armtools/bin/../lib/gcc/arm-atollic-eabi/6.3.1/../../../../arm-atollic-eabi/lib/armv7-m\libc_nano.a(lib_a-nano-svfprintf.o)
                0x08002284                __ssputs_r
 *fill*         0x0800233a        0x2 
 .text._svfprintf_r
                0x0800233c      0x1e8 d:/program files (x86)/atollic/truestudio for stm32 9.2.0/armtools/bin/../lib/gcc/arm-atollic-eabi/6.3.1/../../../../arm-atollic-eabi/lib/armv7-m\libc_nano.a(lib_a-nano-svfprintf.o)
                0x0800233c                _svfiprintf_r
                0x0800233c                _svfprintf_r
 .text._printf_common
                0x08002524       0xee d:/program files (x86)/atollic/truestudio for stm32 9.2.0/armtools/bin/../lib/gcc/arm-atollic-eabi/6.3.1/../../../../arm-atollic-eabi/lib/armv7-m\libc_nano.a(lib_a-nano-vfprintf_i.o)
                0x08002524                _printf_common
 *fill*         0x08002612        0x2 
 .text._printf_i
                0x08002614      0x240 d:/program files (x86)/atollic/truestudio for stm32 9.2.0/armtools/bin/../lib/gcc/arm-atollic-eabi/6.3.1/../../../../arm-atollic-eabi/lib/armv7-m\libc_nano.a(lib_a-nano-vfprintf_i.o)
                0x08002614                _printf_i
 .text.memchr   0x08002854       0x1c d:/program files (x86)/atollic/truestudio for stm32 9.2.0/armtools/bin/../lib/gcc/arm-atollic-eabi/6.3.1/../../../../arm-atollic-eabi/lib/armv7-m\libc_nano.a(lib_a-memchr-stub.o)
                0x08002854                memchr
 .text.memcpy   0x08002870       0x16 d:/program files (x86)/atollic/truestudio for stm32 9.2.0/armtools/bin/../lib/gcc/arm-atollic-eabi/6.3.1/../../../../arm-atollic-eabi/lib/armv7-m\libc_nano.a(lib_a-memcpy-stub.o)
                0x08002870                memcpy
 .text.memmove  0x08002886       0x34 d:/program files (x86)/atollic/truestudio for stm32 9.2.0/armtools/bin/../lib/gcc/arm-atollic-eabi/6.3.1/../../../../arm-atollic-eabi/lib/armv7-m\libc_nano.a(lib_a-memmove.o)
                0x08002886                memmove
 *fill*         0x080028ba        0x2 
 .text._free_r  0x080028bc       0x98 d:/program files (x86)/atollic/truestudio for stm32 9.2.0/armtools/bin/../lib/gcc/arm-atollic-eabi/6.3.1/../../../../arm-atollic-eabi/lib/armv7-m\libc_nano.a(lib_a-nano-freer.o)
                0x080028bc                _free_r
 .text._malloc_r
                0x08002954       0xbc d:/program files (x86)/atollic/truestudio for stm32 9.2.0/armtools/bin/../lib/gcc/arm-atollic-eabi/6.3.1/../../../../arm-atollic-eabi/lib/armv7-m\libc_nano.a(lib_a-nano-mallocr.o)
                0x08002954                _malloc_r
 .text._realloc_r
                0x08002a10       0x4c d:/program files (x86)/atollic/truestudio for stm32 9.2.0/armtools/bin/../lib/gcc/arm-atollic-eabi/6.3.1/../../../../arm-atollic-eabi/lib/armv7-m\libc_nano.a(lib_a-nano-reallocr.o)
                0x08002a10                _realloc_r
 .text._sbrk_r  0x08002a5c       0x20 d:/program files (x86)/atollic/truestudio for stm32 9.2.0/armtools/bin/../lib/gcc/arm-atollic-eabi/6.3.1/../../../../arm-atollic-eabi/lib/armv7-m\libc_nano.a(lib_a-sbrkr.o)
                0x08002a5c                _sbrk_r
 .text.__malloc_lock
                0x08002a7c        0x2 d:/program files (x86)/atollic/truestudio for stm32 9.2.0/armtools/bin/../lib/gcc/arm-atollic-eabi/6.3.1/../../../../arm-atollic-eabi/lib/armv7-m\libc_nano.a(lib_a-mlock.o)
                0x08002a7c                __malloc_lock
 .text.__malloc_unlock
                0x08002a7e        0x2 d:/program files (x86)/atollic/truestudio for stm32 9.2.0/armtools/bin/../lib/gcc/arm-atollic-eabi/6.3.1/../../../../arm-atollic-eabi/lib/armv7-m\libc_nano.a(lib_a-mlock.o)
                0x08002a7e                __malloc_unlock
 .text._malloc_usable_size_r
                0x08002a80       0x12 d:/program files (x86)/atollic/truestudio for stm32 9.2.0/armtools/bin/../lib/gcc/arm-atollic-eabi/6.3.1/../../../../arm-atollic-eabi/lib/armv7-m\libc_nano.a(lib_a-nano-msizer.o)
                0x08002a80                _malloc_usable_size_r
 *fill*         0x08002a92        0x2 
 .text._sbrk    0x08002a94       0x1c d:/program files (x86)/atollic/truestudio for stm32 9.2.0/armtools/bin/../lib/gcc/arm-atollic-eabi/6.3.1/../../../../arm-atollic-eabi/lib/armv7-m\libnosys.a(sbrk.o)
                0x08002a94                _sbrk
 *(.glue_7)
 .glue_7        0x08002ab0        0x0 linker stubs
 *(.glue_7t)
 .glue_7t       0x08002ab0        0x0 linker stubs
 *(.eh_frame)
 .eh_frame      0x08002ab0        0x0 d:/program files (x86)/atollic/truestudio for stm32 9.2.0/armtools/bin/../lib/gcc/arm-atollic-eabi/6.3.1/armv7-m/crtbegin.o
 *(.init)
 .init          0x08002ab0        0x4 d:/program files (x86)/atollic/truestudio for stm32 9.2.0/armtools/bin/../lib/gcc/arm-atollic-eabi/6.3.1/armv7-m/crti.o
                0x08002ab0                _init
 .init          0x08002ab4        0x8 d:/program files (x86)/atollic/truestudio for stm32 9.2.0/armtools/bin/../lib/gcc/arm-atollic-eabi/6.3.1/armv7-m/crtn.o
 *(.fini)
 .fini          0x08002abc        0x4 d:/program files (x86)/atollic/truestudio for stm32 9.2.0/armtools/bin/../lib/gcc/arm-atollic-eabi/6.3.1/armv7-m/crti.o
                0x08002abc                _fini
 .fini          0x08002ac0        0x8 d:/program files (x86)/atollic/truestudio for stm32 9.2.0/armtools/bin/../lib/gcc/arm-atollic-eabi/6.3.1/armv7-m/crtn.o
                0x08002ac8                . = ALIGN (0x4)
                0x08002ac8                _etext = .

.vfp11_veneer   0x08002ac8        0x0
 .vfp11_veneer  0x08002ac8        0x0 linker stubs

.v4_bx          0x08002ac8        0x0
 .v4_bx         0x08002ac8        0x0 linker stubs

.iplt           0x08002ac8        0x0
 .iplt          0x08002ac8        0x0 d:/program files (x86)/atollic/truestudio for stm32 9.2.0/armtools/bin/../lib/gcc/arm-atollic-eabi/6.3.1/armv7-m/crtbegin.o

.rodata         0x08002ac8     0xa13c
                0x08002ac8                . = ALIGN (0x4)
 *(.rodata)
 .rodata        0x08002ac8       0x10 Drivers\STM32F1xx_HAL_Driver\Src\stm32f1xx_hal_rcc.o
 *(.rodata*)
 .rodata.SSD1289_regValues.6594
                0x08002ad8       0xa4 Src\lcd.o
 .rodata.font   0x08002b7c     0xa000 Src\lcd.o
 .rodata.testDrawScreen.str1.1
                0x0800cb7c       0x29 Src\main.o
 .rodata.HAL_ADC_MspInit.str1.1
                0x0800cba5       0x1b Src\stm32f1xx_hal_msp.o
 .rodata.AHBPrescTable
                0x0800cbc0       0x10 Src\system_stm32f1xx.o
                0x0800cbc0                AHBPrescTable
 .rodata.readTouch.str1.1
                0x0800cbd0        0x3 Src\touch.o
 .rodata._svfprintf_r.str1.1
                0x0800cbd0       0x11 d:/program files (x86)/atollic/truestudio for stm32 9.2.0/armtools/bin/../lib/gcc/arm-atollic-eabi/6.3.1/../../../../arm-atollic-eabi/lib/armv7-m\libc_nano.a(lib_a-nano-svfprintf.o)
 .rodata._printf_i.str1.1
                0x0800cbe1       0x22 d:/program files (x86)/atollic/truestudio for stm32 9.2.0/armtools/bin/../lib/gcc/arm-atollic-eabi/6.3.1/../../../../arm-atollic-eabi/lib/armv7-m\libc_nano.a(lib_a-nano-vfprintf_i.o)
                0x0800cc04                . = ALIGN (0x4)
 *fill*         0x0800cc03        0x1 

.rel.dyn        0x0800cc04        0x0
 .rel.iplt      0x0800cc04        0x0 d:/program files (x86)/atollic/truestudio for stm32 9.2.0/armtools/bin/../lib/gcc/arm-atollic-eabi/6.3.1/armv7-m/crtbegin.o

.ARM.extab
 *(.ARM.extab* .gnu.linkonce.armextab.*)

.ARM            0x0800cc04        0x0
                0x0800cc04                __exidx_start = .
 *(.ARM.exidx*)
                0x0800cc04                __exidx_end = .

.preinit_array  0x0800cc04        0x0
                0x0800cc04                PROVIDE (__preinit_array_start, .)
 *(.preinit_array*)
                0x0800cc04                PROVIDE (__preinit_array_end, .)

.init_array     0x0800cc04        0x4
                0x0800cc04                PROVIDE (__init_array_start, .)
 *(SORT(.init_array.*))
 *(.init_array*)
 .init_array    0x0800cc04        0x4 d:/program files (x86)/atollic/truestudio for stm32 9.2.0/armtools/bin/../lib/gcc/arm-atollic-eabi/6.3.1/armv7-m/crtbegin.o
                0x0800cc08                PROVIDE (__init_array_end, .)

.fini_array     0x0800cc08        0x4
                [!provide]                PROVIDE (__fini_array_start, .)
 *(SORT(.fini_array.*))
 *(.fini_array*)
 .fini_array    0x0800cc08        0x4 d:/program files (x86)/atollic/truestudio for stm32 9.2.0/armtools/bin/../lib/gcc/arm-atollic-eabi/6.3.1/armv7-m/crtbegin.o
                [!provide]                PROVIDE (__fini_array_end, .)
                0x0800cc0c                _sidata = LOADADDR (.data)

.data           0x20000000       0x7c load address 0x0800cc0c
                0x20000000                . = ALIGN (0x4)
                0x20000000                _sdata = .
 *(.data)
 *(.data*)
 .data.uwTickFreq
                0x20000000        0x1 Drivers\STM32F1xx_HAL_Driver\Src\stm32f1xx_hal.o
                0x20000000                uwTickFreq
 *fill*         0x20000001        0x3 
 .data.uwTickPrio
                0x20000004        0x4 Drivers\STM32F1xx_HAL_Driver\Src\stm32f1xx_hal.o
                0x20000004                uwTickPrio
 .data._EC      0x20000008        0x2 Src\lcd.o
                0x20000008                _EC
 .data._EP      0x2000000a        0x2 Src\lcd.o
                0x2000000a                _EP
 .data._MC      0x2000000c        0x2 Src\lcd.o
                0x2000000c                _MC
 .data._MP      0x2000000e        0x2 Src\lcd.o
                0x2000000e                _MP
 .data._SC      0x20000010        0x2 Src\lcd.o
                0x20000010                _SC
 .data._SP      0x20000012        0x2 Src\lcd.o
                0x20000012                _SP
 .data.SystemCoreClock
                0x20000014        0x4 Src\system_stm32f1xx.o
                0x20000014                SystemCoreClock
 .data._impure_ptr
                0x20000018        0x4 d:/program files (x86)/atollic/truestudio for stm32 9.2.0/armtools/bin/../lib/gcc/arm-atollic-eabi/6.3.1/../../../../arm-atollic-eabi/lib/armv7-m\libc_nano.a(lib_a-impure.o)
                0x20000018                _impure_ptr
 .data.impure_data
                0x2000001c       0x60 d:/program files (x86)/atollic/truestudio for stm32 9.2.0/armtools/bin/../lib/gcc/arm-atollic-eabi/6.3.1/../../../../arm-atollic-eabi/lib/armv7-m\libc_nano.a(lib_a-impure.o)
                0x2000007c                . = ALIGN (0x4)
                0x2000007c                _edata = .

.igot.plt       0x2000007c        0x0 load address 0x0800cc88
 .igot.plt      0x2000007c        0x0 d:/program files (x86)/atollic/truestudio for stm32 9.2.0/armtools/bin/../lib/gcc/arm-atollic-eabi/6.3.1/armv7-m/crtbegin.o
                0x2000007c                . = ALIGN (0x4)

.bss            0x2000007c       0xdc load address 0x0800cc88
                0x2000007c                _sbss = .
                0x2000007c                __bss_start__ = _sbss
 *(.bss)
 .bss           0x2000007c       0x1c d:/program files (x86)/atollic/truestudio for stm32 9.2.0/armtools/bin/../lib/gcc/arm-atollic-eabi/6.3.1/armv7-m/crtbegin.o
 *(.bss*)
 .bss.touchx_atual
                0x20000098        0x4 Src\touch.o
                0x20000098                touchx_atual
 .bss.touchy_atual
                0x2000009c        0x4 Src\touch.o
                0x2000009c                touchy_atual
 .bss.touchz_atual
                0x200000a0        0x4 Src\touch.o
                0x200000a0                touchz_atual
 .bss.__malloc_free_list
                0x200000a4        0x4 d:/program files (x86)/atollic/truestudio for stm32 9.2.0/armtools/bin/../lib/gcc/arm-atollic-eabi/6.3.1/../../../../arm-atollic-eabi/lib/armv7-m\libc_nano.a(lib_a-nano-mallocr.o)
                0x200000a4                __malloc_free_list
 .bss.__malloc_sbrk_start
                0x200000a8        0x4 d:/program files (x86)/atollic/truestudio for stm32 9.2.0/armtools/bin/../lib/gcc/arm-atollic-eabi/6.3.1/../../../../arm-atollic-eabi/lib/armv7-m\libc_nano.a(lib_a-nano-mallocr.o)
                0x200000a8                __malloc_sbrk_start
 .bss.heap_end.4116
                0x200000ac        0x4 d:/program files (x86)/atollic/truestudio for stm32 9.2.0/armtools/bin/../lib/gcc/arm-atollic-eabi/6.3.1/../../../../arm-atollic-eabi/lib/armv7-m\libnosys.a(sbrk.o)
 *(COMMON)
 COMMON         0x200000b0       0x14 Drivers\STM32F1xx_HAL_Driver\Src\stm32f1xx_hal.o
                0x200000b0                val_adc1
                0x200000b4                uwTick
                0x200000b8                val_adc2
                0x200000bc                flag_adc
                0x200000c0                val_adc3
 COMMON         0x200000c4       0x14 Src\lcd.o
                0x200000c4                _lcd_drivOut
                0x200000c6                done_reset
                0x200000c8                cursor_y
                0x200000ca                WIDTH
                0x200000cc                rotation
                0x200000ce                HEIGHT
                0x200000d0                cursor_x
                0x200000d2                wrap
                0x200000d3                textsize
                0x200000d4                textbgcolor
                0x200000d6                textcolor
 COMMON         0x200000d8       0x7c Src\main.o
                0x200000d8                hadc1
                0x20000108                hdma_adc1
                0x2000014c                ADC_BUF
 COMMON         0x20000154        0x4 d:/program files (x86)/atollic/truestudio for stm32 9.2.0/armtools/bin/../lib/gcc/arm-atollic-eabi/6.3.1/../../../../arm-atollic-eabi/lib/armv7-m\libc_nano.a(lib_a-reent.o)
                0x20000154                errno
                0x20000158                . = ALIGN (0x4)
                0x20000158                _ebss = .
                0x20000158                __bss_end__ = _ebss

._user_heap_stack
                0x20000158      0x600 load address 0x0800cc88
                0x20000158                . = ALIGN (0x4)
                0x20000158                PROVIDE (end, .)
                [!provide]                PROVIDE (_end, .)
                0x20000358                . = (. + _Min_Heap_Size)
 *fill*         0x20000158      0x200 
                0x20000758                . = (. + _Min_Stack_Size)
 *fill*         0x20000358      0x400 
                0x20000758                . = ALIGN (0x4)

/DISCARD/
 libc.a(*)
 libm.a(*)
 libgcc.a(*)

.ARM.attributes
                0x00000000       0x29
 *(.ARM.attributes)
 .ARM.attributes
                0x00000000       0x1d d:/program files (x86)/atollic/truestudio for stm32 9.2.0/armtools/bin/../lib/gcc/arm-atollic-eabi/6.3.1/armv7-m/crti.o
 .ARM.attributes
                0x0000001d       0x2d d:/program files (x86)/atollic/truestudio for stm32 9.2.0/armtools/bin/../lib/gcc/arm-atollic-eabi/6.3.1/armv7-m/crtbegin.o
 .ARM.attributes
                0x0000004a       0x33 Drivers\STM32F1xx_HAL_Driver\Src\stm32f1xx_hal.o
 .ARM.attributes
                0x0000007d       0x33 Drivers\STM32F1xx_HAL_Driver\Src\stm32f1xx_hal_adc.o
 .ARM.attributes
                0x000000b0       0x33 Drivers\STM32F1xx_HAL_Driver\Src\stm32f1xx_hal_adc_ex.o
 .ARM.attributes
                0x000000e3       0x33 Drivers\STM32F1xx_HAL_Driver\Src\stm32f1xx_hal_cortex.o
 .ARM.attributes
                0x00000116       0x33 Drivers\STM32F1xx_HAL_Driver\Src\stm32f1xx_hal_dma.o
 .ARM.attributes
                0x00000149       0x33 Drivers\STM32F1xx_HAL_Driver\Src\stm32f1xx_hal_gpio.o
 .ARM.attributes
                0x0000017c       0x33 Drivers\STM32F1xx_HAL_Driver\Src\stm32f1xx_hal_rcc.o
 .ARM.attributes
                0x000001af       0x33 Drivers\STM32F1xx_HAL_Driver\Src\stm32f1xx_hal_rcc_ex.o
 .ARM.attributes
                0x000001e2       0x33 Src\lcd.o
 .ARM.attributes
                0x00000215       0x33 Src\main.o
 .ARM.attributes
                0x00000248       0x33 Src\stm32f1xx_hal_msp.o
 .ARM.attributes
                0x0000027b       0x33 Src\stm32f1xx_it.o
 .ARM.attributes
                0x000002ae       0x33 Src\system_stm32f1xx.o
 .ARM.attributes
                0x000002e1       0x33 Src\touch.o
 .ARM.attributes
                0x00000314       0x21 startup\startup_stm32f103xb.o
 .ARM.attributes
                0x00000335       0x2d d:/program files (x86)/atollic/truestudio for stm32 9.2.0/armtools/bin/../lib/gcc/arm-atollic-eabi/6.3.1/../../../../arm-atollic-eabi/lib/armv7-m\libc_nano.a(lib_a-init.o)
 .ARM.attributes
                0x00000362       0x2d d:/program files (x86)/atollic/truestudio for stm32 9.2.0/armtools/bin/../lib/gcc/arm-atollic-eabi/6.3.1/../../../../arm-atollic-eabi/lib/armv7-m\libc_nano.a(lib_a-sprintf.o)
 .ARM.attributes
                0x0000038f       0x17 d:/program files (x86)/atollic/truestudio for stm32 9.2.0/armtools/bin/../lib/gcc/arm-atollic-eabi/6.3.1/../../../../arm-atollic-eabi/lib/armv7-m\libc_nano.a(lib_a-strlen.o)
 .ARM.attributes
                0x000003a6       0x2d d:/program files (x86)/atollic/truestudio for stm32 9.2.0/armtools/bin/../lib/gcc/arm-atollic-eabi/6.3.1/../../../../arm-atollic-eabi/lib/armv7-m\libc_nano.a(lib_a-impure.o)
 .ARM.attributes
                0x000003d3       0x2d d:/program files (x86)/atollic/truestudio for stm32 9.2.0/armtools/bin/../lib/gcc/arm-atollic-eabi/6.3.1/../../../../arm-atollic-eabi/lib/armv7-m\libc_nano.a(lib_a-nano-svfprintf.o)
 .ARM.attributes
                0x00000400       0x2d d:/program files (x86)/atollic/truestudio for stm32 9.2.0/armtools/bin/../lib/gcc/arm-atollic-eabi/6.3.1/../../../../arm-atollic-eabi/lib/armv7-m\libc_nano.a(lib_a-nano-vfprintf_i.o)
 .ARM.attributes
                0x0000042d       0x2d d:/program files (x86)/atollic/truestudio for stm32 9.2.0/armtools/bin/../lib/gcc/arm-atollic-eabi/6.3.1/../../../../arm-atollic-eabi/lib/armv7-m\libc_nano.a(lib_a-memchr-stub.o)
 .ARM.attributes
                0x0000045a       0x2d d:/program files (x86)/atollic/truestudio for stm32 9.2.0/armtools/bin/../lib/gcc/arm-atollic-eabi/6.3.1/../../../../arm-atollic-eabi/lib/armv7-m\libc_nano.a(lib_a-memcpy-stub.o)
 .ARM.attributes
                0x00000487       0x2d d:/program files (x86)/atollic/truestudio for stm32 9.2.0/armtools/bin/../lib/gcc/arm-atollic-eabi/6.3.1/../../../../arm-atollic-eabi/lib/armv7-m\libc_nano.a(lib_a-memmove.o)
 .ARM.attributes
                0x000004b4       0x2d d:/program files (x86)/atollic/truestudio for stm32 9.2.0/armtools/bin/../lib/gcc/arm-atollic-eabi/6.3.1/../../../../arm-atollic-eabi/lib/armv7-m\libc_nano.a(lib_a-nano-freer.o)
 .ARM.attributes
                0x000004e1       0x2d d:/program files (x86)/atollic/truestudio for stm32 9.2.0/armtools/bin/../lib/gcc/arm-atollic-eabi/6.3.1/../../../../arm-atollic-eabi/lib/armv7-m\libc_nano.a(lib_a-nano-mallocr.o)
 .ARM.attributes
                0x0000050e       0x2d d:/program files (x86)/atollic/truestudio for stm32 9.2.0/armtools/bin/../lib/gcc/arm-atollic-eabi/6.3.1/../../../../arm-atollic-eabi/lib/armv7-m\libc_nano.a(lib_a-nano-reallocr.o)
 .ARM.attributes
                0x0000053b       0x2d d:/program files (x86)/atollic/truestudio for stm32 9.2.0/armtools/bin/../lib/gcc/arm-atollic-eabi/6.3.1/../../../../arm-atollic-eabi/lib/armv7-m\libc_nano.a(lib_a-sbrkr.o)
 .ARM.attributes
                0x00000568       0x2d d:/program files (x86)/atollic/truestudio for stm32 9.2.0/armtools/bin/../lib/gcc/arm-atollic-eabi/6.3.1/../../../../arm-atollic-eabi/lib/armv7-m\libc_nano.a(lib_a-mlock.o)
 .ARM.attributes
                0x00000595       0x2d d:/program files (x86)/atollic/truestudio for stm32 9.2.0/armtools/bin/../lib/gcc/arm-atollic-eabi/6.3.1/../../../../arm-atollic-eabi/lib/armv7-m\libc_nano.a(lib_a-nano-msizer.o)
 .ARM.attributes
                0x000005c2       0x2d d:/program files (x86)/atollic/truestudio for stm32 9.2.0/armtools/bin/../lib/gcc/arm-atollic-eabi/6.3.1/../../../../arm-atollic-eabi/lib/armv7-m\libc_nano.a(lib_a-reent.o)
 .ARM.attributes
                0x000005ef       0x2d d:/program files (x86)/atollic/truestudio for stm32 9.2.0/armtools/bin/../lib/gcc/arm-atollic-eabi/6.3.1/../../../../arm-atollic-eabi/lib/armv7-m\libnosys.a(sbrk.o)
 .ARM.attributes
                0x0000061c       0x1d d:/program files (x86)/atollic/truestudio for stm32 9.2.0/armtools/bin/../lib/gcc/arm-atollic-eabi/6.3.1/armv7-m/crtn.o
OUTPUT(default_TFT.elf elf32-littlearm)

.debug_info     0x00000000    0x1028b
 .debug_info    0x00000000      0xffe Drivers\STM32F1xx_HAL_Driver\Src\stm32f1xx_hal.o
 .debug_info    0x00000ffe     0x169f Drivers\STM32F1xx_HAL_Driver\Src\stm32f1xx_hal_adc.o
 .debug_info    0x0000269d     0x1389 Drivers\STM32F1xx_HAL_Driver\Src\stm32f1xx_hal_adc_ex.o
 .debug_info    0x00003a26     0x14a7 Drivers\STM32F1xx_HAL_Driver\Src\stm32f1xx_hal_cortex.o
 .debug_info    0x00004ecd     0x1045 Drivers\STM32F1xx_HAL_Driver\Src\stm32f1xx_hal_dma.o
 .debug_info    0x00005f12      0xec0 Drivers\STM32F1xx_HAL_Driver\Src\stm32f1xx_hal_gpio.o
 .debug_info    0x00006dd2     0x123b Drivers\STM32F1xx_HAL_Driver\Src\stm32f1xx_hal_rcc.o
 .debug_info    0x0000800d      0xc9b Drivers\STM32F1xx_HAL_Driver\Src\stm32f1xx_hal_rcc_ex.o
 .debug_info    0x00008ca8     0x1ccd Src\lcd.o
 .debug_info    0x0000a975     0x1b41 Src\main.o
 .debug_info    0x0000c4b6     0x1361 Src\stm32f1xx_hal_msp.o
 .debug_info    0x0000d817      0xe67 Src\stm32f1xx_it.o
 .debug_info    0x0000e67e      0xc4b Src\system_stm32f1xx.o
 .debug_info    0x0000f2c9      0xf34 Src\touch.o
 .debug_info    0x000101fd       0x8e startup\startup_stm32f103xb.o

.debug_abbrev   0x00000000     0x27bb
 .debug_abbrev  0x00000000      0x308 Drivers\STM32F1xx_HAL_Driver\Src\stm32f1xx_hal.o
 .debug_abbrev  0x00000308      0x30c Drivers\STM32F1xx_HAL_Driver\Src\stm32f1xx_hal_adc.o
 .debug_abbrev  0x00000614      0x2a7 Drivers\STM32F1xx_HAL_Driver\Src\stm32f1xx_hal_adc_ex.o
 .debug_abbrev  0x000008bb      0x3aa Drivers\STM32F1xx_HAL_Driver\Src\stm32f1xx_hal_cortex.o
 .debug_abbrev  0x00000c65      0x2af Drivers\STM32F1xx_HAL_Driver\Src\stm32f1xx_hal_dma.o
 .debug_abbrev  0x00000f14      0x279 Drivers\STM32F1xx_HAL_Driver\Src\stm32f1xx_hal_gpio.o
 .debug_abbrev  0x0000118d      0x378 Drivers\STM32F1xx_HAL_Driver\Src\stm32f1xx_hal_rcc.o
 .debug_abbrev  0x00001505      0x288 Drivers\STM32F1xx_HAL_Driver\Src\stm32f1xx_hal_rcc_ex.o
 .debug_abbrev  0x0000178d      0x3e7 Src\lcd.o
 .debug_abbrev  0x00001b74      0x35f Src\main.o
 .debug_abbrev  0x00001ed3      0x24a Src\stm32f1xx_hal_msp.o
 .debug_abbrev  0x0000211d      0x222 Src\stm32f1xx_it.o
 .debug_abbrev  0x0000233f      0x1fc Src\system_stm32f1xx.o
 .debug_abbrev  0x0000253b      0x26e Src\touch.o
 .debug_abbrev  0x000027a9       0x12 startup\startup_stm32f103xb.o

.debug_loc      0x00000000     0x362b
 .debug_loc     0x00000000      0x11b Drivers\STM32F1xx_HAL_Driver\Src\stm32f1xx_hal.o
 .debug_loc     0x0000011b      0x873 Drivers\STM32F1xx_HAL_Driver\Src\stm32f1xx_hal_adc.o
 .debug_loc     0x0000098e      0x769 Drivers\STM32F1xx_HAL_Driver\Src\stm32f1xx_hal_adc_ex.o
 .debug_loc     0x000010f7      0x46b Drivers\STM32F1xx_HAL_Driver\Src\stm32f1xx_hal_cortex.o
 .debug_loc     0x00001562      0x5d1 Drivers\STM32F1xx_HAL_Driver\Src\stm32f1xx_hal_dma.o
 .debug_loc     0x00001b33      0x36a Drivers\STM32F1xx_HAL_Driver\Src\stm32f1xx_hal_gpio.o
 .debug_loc     0x00001e9d      0x4c3 Drivers\STM32F1xx_HAL_Driver\Src\stm32f1xx_hal_rcc.o
 .debug_loc     0x00002360      0x29d Drivers\STM32F1xx_HAL_Driver\Src\stm32f1xx_hal_rcc_ex.o
 .debug_loc     0x000025fd      0xdc0 Src\lcd.o
 .debug_loc     0x000033bd       0x2c Src\main.o
 .debug_loc     0x000033e9       0x63 Src\stm32f1xx_hal_msp.o
 .debug_loc     0x0000344c       0xcd Src\system_stm32f1xx.o
 .debug_loc     0x00003519      0x112 Src\touch.o

.debug_aranges  0x00000000      0x710
 .debug_aranges
                0x00000000       0xc8 Drivers\STM32F1xx_HAL_Driver\Src\stm32f1xx_hal.o
 .debug_aranges
                0x000000c8       0xc8 Drivers\STM32F1xx_HAL_Driver\Src\stm32f1xx_hal_adc.o
 .debug_aranges
                0x00000190       0x80 Drivers\STM32F1xx_HAL_Driver\Src\stm32f1xx_hal_adc_ex.o
 .debug_aranges
                0x00000210       0x90 Drivers\STM32F1xx_HAL_Driver\Src\stm32f1xx_hal_cortex.o
 .debug_aranges
                0x000002a0       0x78 Drivers\STM32F1xx_HAL_Driver\Src\stm32f1xx_hal_dma.o
 .debug_aranges
                0x00000318       0x58 Drivers\STM32F1xx_HAL_Driver\Src\stm32f1xx_hal_gpio.o
 .debug_aranges
                0x00000370       0x88 Drivers\STM32F1xx_HAL_Driver\Src\stm32f1xx_hal_rcc.o
 .debug_aranges
                0x000003f8       0x30 Drivers\STM32F1xx_HAL_Driver\Src\stm32f1xx_hal_rcc_ex.o
 .debug_aranges
                0x00000428      0x188 Src\lcd.o
 .debug_aranges
                0x000005b0       0x48 Src\main.o
 .debug_aranges
                0x000005f8       0x30 Src\stm32f1xx_hal_msp.o
 .debug_aranges
                0x00000628       0x58 Src\stm32f1xx_it.o
 .debug_aranges
                0x00000680       0x28 Src\system_stm32f1xx.o
 .debug_aranges
                0x000006a8       0x40 Src\touch.o
 .debug_aranges
                0x000006e8       0x28 startup\startup_stm32f103xb.o

.debug_ranges   0x00000000      0x988
 .debug_ranges  0x00000000       0xb8 Drivers\STM32F1xx_HAL_Driver\Src\stm32f1xx_hal.o
 .debug_ranges  0x000000b8       0xb8 Drivers\STM32F1xx_HAL_Driver\Src\stm32f1xx_hal_adc.o
 .debug_ranges  0x00000170       0x70 Drivers\STM32F1xx_HAL_Driver\Src\stm32f1xx_hal_adc_ex.o
 .debug_ranges  0x000001e0      0x128 Drivers\STM32F1xx_HAL_Driver\Src\stm32f1xx_hal_cortex.o
 .debug_ranges  0x00000308       0xa8 Drivers\STM32F1xx_HAL_Driver\Src\stm32f1xx_hal_dma.o
 .debug_ranges  0x000003b0       0x60 Drivers\STM32F1xx_HAL_Driver\Src\stm32f1xx_hal_gpio.o
 .debug_ranges  0x00000410       0xa0 Drivers\STM32F1xx_HAL_Driver\Src\stm32f1xx_hal_rcc.o
 .debug_ranges  0x000004b0       0x40 Drivers\STM32F1xx_HAL_Driver\Src\stm32f1xx_hal_rcc_ex.o
 .debug_ranges  0x000004f0      0x250 Src\lcd.o
 .debug_ranges  0x00000740       0xf8 Src\main.o
 .debug_ranges  0x00000838       0x60 Src\stm32f1xx_hal_msp.o
 .debug_ranges  0x00000898       0x48 Src\stm32f1xx_it.o
 .debug_ranges  0x000008e0       0x18 Src\system_stm32f1xx.o
 .debug_ranges  0x000008f8       0x70 Src\touch.o
 .debug_ranges  0x00000968       0x20 startup\startup_stm32f103xb.o

.debug_line     0x00000000     0x4755
 .debug_line    0x00000000      0x470 Drivers\STM32F1xx_HAL_Driver\Src\stm32f1xx_hal.o
 .debug_line    0x00000470      0x87d Drivers\STM32F1xx_HAL_Driver\Src\stm32f1xx_hal_adc.o
 .debug_line    0x00000ced      0x73c Drivers\STM32F1xx_HAL_Driver\Src\stm32f1xx_hal_adc_ex.o
 .debug_line    0x00001429      0x443 Drivers\STM32F1xx_HAL_Driver\Src\stm32f1xx_hal_cortex.o
 .debug_line    0x0000186c      0x6aa Drivers\STM32F1xx_HAL_Driver\Src\stm32f1xx_hal_dma.o
 .debug_line    0x00001f16      0x45c Drivers\STM32F1xx_HAL_Driver\Src\stm32f1xx_hal_gpio.o
 .debug_line    0x00002372      0x644 Drivers\STM32F1xx_HAL_Driver\Src\stm32f1xx_hal_rcc.o
 .debug_line    0x000029b6      0x3dd Drivers\STM32F1xx_HAL_Driver\Src\stm32f1xx_hal_rcc_ex.o
 .debug_line    0x00002d93      0x75d Src\lcd.o
 .debug_line    0x000034f0      0x4d9 Src\main.o
 .debug_line    0x000039c9      0x35d Src\stm32f1xx_hal_msp.o
 .debug_line    0x00003d26      0x35a Src\stm32f1xx_it.o
 .debug_line    0x00004080      0x299 Src\system_stm32f1xx.o
 .debug_line    0x00004319      0x3bf Src\touch.o
 .debug_line    0x000046d8       0x7d startup\startup_stm32f103xb.o

.debug_str      0x00000000     0x253b
 .debug_str     0x00000000      0xc01 Drivers\STM32F1xx_HAL_Driver\Src\stm32f1xx_hal.o
                                0xca8 (size before relaxing)
 .debug_str     0x00000c01      0x638 Drivers\STM32F1xx_HAL_Driver\Src\stm32f1xx_hal_adc.o
                                0xd4a (size before relaxing)
 .debug_str     0x00001239      0x291 Drivers\STM32F1xx_HAL_Driver\Src\stm32f1xx_hal_adc_ex.o
                                0xcfd (size before relaxing)
 .debug_str     0x000014ca      0x2e1 Drivers\STM32F1xx_HAL_Driver\Src\stm32f1xx_hal_cortex.o
                                0xd56 (size before relaxing)
 .debug_str     0x000017ab      0x220 Drivers\STM32F1xx_HAL_Driver\Src\stm32f1xx_hal_dma.o
                                0xaba (size before relaxing)
 .debug_str     0x000019cb      0x1d1 Drivers\STM32F1xx_HAL_Driver\Src\stm32f1xx_hal_gpio.o
                                0x8c3 (size before relaxing)
 .debug_str     0x00001b9c      0x317 Drivers\STM32F1xx_HAL_Driver\Src\stm32f1xx_hal_rcc.o
                                0xaa1 (size before relaxing)
 .debug_str     0x00001eb3      0x110 Drivers\STM32F1xx_HAL_Driver\Src\stm32f1xx_hal_rcc_ex.o
                                0x87e (size before relaxing)
 .debug_str     0x00001fc3      0x2b7 Src\lcd.o
                                0x9ad (size before relaxing)
 .debug_str     0x0000227a      0x106 Src\main.o
                               0x118e (size before relaxing)
 .debug_str     0x00002380       0x1b Src\stm32f1xx_hal_msp.o
                                0xdcd (size before relaxing)
 .debug_str     0x0000239b       0xd1 Src\stm32f1xx_it.o
                                0xa37 (size before relaxing)
 .debug_str     0x0000246c       0x4d Src\system_stm32f1xx.o
                                0x72c (size before relaxing)
 .debug_str     0x000024b9       0x82 Src\touch.o
                                0x814 (size before relaxing)

.comment        0x00000000       0x7c
 .comment       0x00000000       0x7c Drivers\STM32F1xx_HAL_Driver\Src\stm32f1xx_hal.o
                                 0x7d (size before relaxing)
 .comment       0x0000007c       0x7d Drivers\STM32F1xx_HAL_Driver\Src\stm32f1xx_hal_adc.o
 .comment       0x0000007c       0x7d Drivers\STM32F1xx_HAL_Driver\Src\stm32f1xx_hal_adc_ex.o
 .comment       0x0000007c       0x7d Drivers\STM32F1xx_HAL_Driver\Src\stm32f1xx_hal_cortex.o
 .comment       0x0000007c       0x7d Drivers\STM32F1xx_HAL_Driver\Src\stm32f1xx_hal_dma.o
 .comment       0x0000007c       0x7d Drivers\STM32F1xx_HAL_Driver\Src\stm32f1xx_hal_gpio.o
 .comment       0x0000007c       0x7d Drivers\STM32F1xx_HAL_Driver\Src\stm32f1xx_hal_rcc.o
 .comment       0x0000007c       0x7d Drivers\STM32F1xx_HAL_Driver\Src\stm32f1xx_hal_rcc_ex.o
 .comment       0x0000007c       0x7d Src\lcd.o
 .comment       0x0000007c       0x7d Src\main.o
 .comment       0x0000007c       0x7d Src\stm32f1xx_hal_msp.o
 .comment       0x0000007c       0x7d Src\stm32f1xx_it.o
 .comment       0x0000007c       0x7d Src\system_stm32f1xx.o
 .comment       0x0000007c       0x7d Src\touch.o

.debug_frame    0x00000000     0x15b4
 .debug_frame   0x00000000      0x1b0 Drivers\STM32F1xx_HAL_Driver\Src\stm32f1xx_hal.o
 .debug_frame   0x000001b0      0x298 Drivers\STM32F1xx_HAL_Driver\Src\stm32f1xx_hal_adc.o
 .debug_frame   0x00000448      0x170 Drivers\STM32F1xx_HAL_Driver\Src\stm32f1xx_hal_adc_ex.o
 .debug_frame   0x000005b8      0x120 Drivers\STM32F1xx_HAL_Driver\Src\stm32f1xx_hal_cortex.o
 .debug_frame   0x000006d8      0x144 Drivers\STM32F1xx_HAL_Driver\Src\stm32f1xx_hal_dma.o
 .debug_frame   0x0000081c       0xd4 Drivers\STM32F1xx_HAL_Driver\Src\stm32f1xx_hal_gpio.o
 .debug_frame   0x000008f0      0x150 Drivers\STM32F1xx_HAL_Driver\Src\stm32f1xx_hal_rcc.o
 .debug_frame   0x00000a40       0x6c Drivers\STM32F1xx_HAL_Driver\Src\stm32f1xx_hal_rcc_ex.o
 .debug_frame   0x00000aac      0x4a0 Src\lcd.o
 .debug_frame   0x00000f4c       0xb0 Src\main.o
 .debug_frame   0x00000ffc       0x6c Src\stm32f1xx_hal_msp.o
 .debug_frame   0x00001068       0xcc Src\stm32f1xx_it.o
 .debug_frame   0x00001134       0x30 Src\system_stm32f1xx.o
 .debug_frame   0x00001164       0xb4 Src\touch.o
 .debug_frame   0x00001218       0x2c d:/program files (x86)/atollic/truestudio for stm32 9.2.0/armtools/bin/../lib/gcc/arm-atollic-eabi/6.3.1/../../../../arm-atollic-eabi/lib/armv7-m\libc_nano.a(lib_a-init.o)
 .debug_frame   0x00001244       0x70 d:/program files (x86)/atollic/truestudio for stm32 9.2.0/armtools/bin/../lib/gcc/arm-atollic-eabi/6.3.1/../../../../arm-atollic-eabi/lib/armv7-m\libc_nano.a(lib_a-sprintf.o)
 .debug_frame   0x000012b4       0x90 d:/program files (x86)/atollic/truestudio for stm32 9.2.0/armtools/bin/../lib/gcc/arm-atollic-eabi/6.3.1/../../../../arm-atollic-eabi/lib/armv7-m\libc_nano.a(lib_a-nano-svfprintf.o)
 .debug_frame   0x00001344       0x60 d:/program files (x86)/atollic/truestudio for stm32 9.2.0/armtools/bin/../lib/gcc/arm-atollic-eabi/6.3.1/../../../../arm-atollic-eabi/lib/armv7-m\libc_nano.a(lib_a-nano-vfprintf_i.o)
 .debug_frame   0x000013a4       0x28 d:/program files (x86)/atollic/truestudio for stm32 9.2.0/armtools/bin/../lib/gcc/arm-atollic-eabi/6.3.1/../../../../arm-atollic-eabi/lib/armv7-m\libc_nano.a(lib_a-memchr-stub.o)
 .debug_frame   0x000013cc       0x28 d:/program files (x86)/atollic/truestudio for stm32 9.2.0/armtools/bin/../lib/gcc/arm-atollic-eabi/6.3.1/../../../../arm-atollic-eabi/lib/armv7-m\libc_nano.a(lib_a-memcpy-stub.o)
 .debug_frame   0x000013f4       0x28 d:/program files (x86)/atollic/truestudio for stm32 9.2.0/armtools/bin/../lib/gcc/arm-atollic-eabi/6.3.1/../../../../arm-atollic-eabi/lib/armv7-m\libc_nano.a(lib_a-memmove.o)
 .debug_frame   0x0000141c       0x38 d:/program files (x86)/atollic/truestudio for stm32 9.2.0/armtools/bin/../lib/gcc/arm-atollic-eabi/6.3.1/../../../../arm-atollic-eabi/lib/armv7-m\libc_nano.a(lib_a-nano-freer.o)
 .debug_frame   0x00001454       0x2c d:/program files (x86)/atollic/truestudio for stm32 9.2.0/armtools/bin/../lib/gcc/arm-atollic-eabi/6.3.1/../../../../arm-atollic-eabi/lib/armv7-m\libc_nano.a(lib_a-nano-mallocr.o)
 .debug_frame   0x00001480       0x3c d:/program files (x86)/atollic/truestudio for stm32 9.2.0/armtools/bin/../lib/gcc/arm-atollic-eabi/6.3.1/../../../../arm-atollic-eabi/lib/armv7-m\libc_nano.a(lib_a-nano-reallocr.o)
 .debug_frame   0x000014bc       0x2c d:/program files (x86)/atollic/truestudio for stm32 9.2.0/armtools/bin/../lib/gcc/arm-atollic-eabi/6.3.1/../../../../arm-atollic-eabi/lib/armv7-m\libc_nano.a(lib_a-sbrkr.o)
 .debug_frame   0x000014e8       0x30 d:/program files (x86)/atollic/truestudio for stm32 9.2.0/armtools/bin/../lib/gcc/arm-atollic-eabi/6.3.1/../../../../arm-atollic-eabi/lib/armv7-m\libc_nano.a(lib_a-mlock.o)
 .debug_frame   0x00001518       0x20 d:/program files (x86)/atollic/truestudio for stm32 9.2.0/armtools/bin/../lib/gcc/arm-atollic-eabi/6.3.1/../../../../arm-atollic-eabi/lib/armv7-m\libc_nano.a(lib_a-nano-msizer.o)
 .debug_frame   0x00001538       0x5c d:/program files (x86)/atollic/truestudio for stm32 9.2.0/armtools/bin/../lib/gcc/arm-atollic-eabi/6.3.1/../../../../arm-atollic-eabi/lib/armv7-m\libc_nano.a(lib_a-reent.o)
 .debug_frame   0x00001594       0x20 d:/program files (x86)/atollic/truestudio for stm32 9.2.0/armtools/bin/../lib/gcc/arm-atollic-eabi/6.3.1/../../../../arm-atollic-eabi/lib/armv7-m\libnosys.a(sbrk.o)
