lcd.c:134:6:setCursor	0	static
lcd.c:140:6:write_8	0	static
lcd.c:442:6:setTextColor	0	static
lcd.c:452:6:setTextSize	0	static
lcd.c:504:6:cs_active	0	static
lcd.c:509:6:cs_idle	0	static
lcd.c:514:6:cs_output	24	static
lcd.c:524:6:rd_active	0	static
lcd.c:529:6:rd_idle	0	static
lcd.c:534:6:rd_output	24	static
lcd.c:544:6:reset_active	0	static
lcd.c:549:6:reset_idle	0	static
lcd.c:554:6:reset_output	24	static
lcd.c:564:6:rs_analog_input	24	static
lcd.c:572:6:rs_cmd	0	static
lcd.c:577:6:rs_data	0	static
lcd.c:582:6:rs_output	24	static
lcd.c:592:6:wr_active	0	static
lcd.c:597:6:wr_analog_input	24	static
lcd.c:605:6:wr_idle	0	static
lcd.c:107:6:reset	8	static
lcd.c:610:6:wr_output	24	static
lcd.c:495:6:ctl_init	8	static
lcd.c:620:6:wr_strobe	8	static
lcd.c:149:6:write8	8	static
lcd.c:156:6:write16	8	static
lcd.c:164:6:writeCmd	8	static
lcd.c:179:6:writeData	0	static
lcd.c:171:6:writeCmdData	16	static
lcd.c:89:6:init_table16	16	static
lcd.c:101:6:invertDisplay	0	static
lcd.c:118:6:setAddrWindow	24	static
lcd.c:255:6:drawPixel	16	static
lcd.c:222:6:drawCross	48	static
lcd.c:242:6:drawHLine	24	static
lcd.c:293:6:drawVLine	24	static
lcd.c:279:6:drawRect	24	static
lcd.c:463:6:vertScroll	0	static
lcd.c:383:6:setRotation	24	static
lcd.c:308:6:fillRect	24	static
lcd.c:196:6:drawChar	80	static
lcd.c:477:6:write	24	static
lcd.c:368:6:print	16	static
lcd.c:354:6:fillScreen	16	static
lcd.c:33:6:begin	8	static
lcd.c:26:6:startLCD	0	static
