lcd.c:152:6:cs_idle	0	static
lcd.c:156:6:cs_active	0	static
lcd.c:179:6:rs_data	0	static
lcd.c:183:6:write_8	0	static
lcd.c:300:6:wr_output	24	static
lcd.c:309:6:rs_output	24	static
lcd.c:328:6:rd_idle	0	static
lcd.c:332:6:reset_active	0	static
lcd.c:336:6:reset_idle	0	static
lcd.c:340:6:setCursor	0	static
lcd.c:345:6:setTextColor	0	static
lcd.c:350:6:setTextSize	0	static
lcd.c:409:6:rd_active	0	static
lcd.c:413:6:wr_active	0	static
lcd.c:417:6:wr_idle	0	static
lcd.c:191:6:wr_strobe	8	static
lcd.c:166:6:write8	8	static
lcd.c:172:6:write16	8	static
lcd.c:318:6:reset	8	static
lcd.c:421:6:rs_cmd	0	static
lcd.c:160:6:writeCmd	8	static
lcd.c:196:6:writeCmdData	16	static
lcd.c:80:6:invertDisplay	0	static
lcd.c:135:6:setAddrWindow	24	static
lcd.c:203:6:init_table16	16	static
lcd.c:214:6:drawPixel	16	static
lcd.c:385:6:drawHLine	24	static
lcd.c:391:6:drawVLine	24	static
lcd.c:354:6:drawRect	24	static
lcd.c:397:6:drawCross	48	static
lcd.c:273:6:vertScroll	0	static
lcd.c:229:6:setRotation	16	static
lcd.c:88:6:fillRect	32	static
lcd.c:131:6:fillScreen	16	static
lcd.c:14:6:begin	16	static
lcd.c:282:6:drawChar	80	static
lcd.c:361:6:write	40	static
lcd.c:375:6:print	16	static
lcd.c:425:6:rd_output	24	static
lcd.c:434:6:wr_analog_input	24	static
lcd.c:441:6:rs_analog_input	24	static
lcd.c:448:6:startLCD	0	static
lcd.c:454:6:cs_output	24	static
lcd.c:463:6:reset_output	24	static
lcd.c:472:6:ctl_init	8	static
lcd.c:480:6:writeData	0	static
