main.c:197:6:HAL_ADC_ConvCpltCallback	0	static
main.c:266:6:SystemClock_Config	88	static
main.c:921:6:setCursor	0	static
main.c:926:6:setTextColor	0	static
main.c:931:6:setTextSize	0	static
main.c:1009:6:rd_active	0	static
main.c:1013:6:rd_idle	0	static
main.c:1017:6:wr_active	0	static
main.c:1021:6:wr_idle	0	static
main.c:1025:6:rs_cmd	0	static
main.c:1029:6:rs_data	0	static
main.c:1033:6:cs_active	0	static
main.c:1037:6:cs_idle	0	static
main.c:1041:6:reset_active	0	static
main.c:1045:6:reset_idle	0	static
main.c:1049:6:wr_strobe	8	static
main.c:1067:6:write_8	0	static
main.c:1061:6:write8	8	static
main.c:1054:6:write16	8	static
main.c:1138:6:writeCmd	8	static
main.c:984:6:writeCmdData	16	static
main.c:495:6:invertDisplay	0	static
main.c:503:6:init_table16	16	static
main.c:975:6:vertScroll	0	static
main.c:992:6:setAddrWindow	24	static
main.c:561:6:drawPixel	16	static
main.c:963:6:drawHLine	24	static
main.c:969:6:drawVLine	24	static
main.c:956:6:drawRect	24	static
main.c:877:6:setRotation	16	static
main.c:518:6:fillRect	32	static
main.c:514:6:fillScreen	16	static
draw_char.h:13:6:drawChar	56	static
main.c:942:6:write	40	static
main.c:935:6:print	16	static
main.c:570:6:testDrawScreen	56	static
main.c:1144:6:writeData	0	static
main.c:1148:6:reset	8	static
main.c:1158:6:setWriteDir	32	static
main.c:1172:6:rd_output	24	static
main.c:1181:6:wr_analog_input	24	static
main.c:1188:6:wr_output	24	static
main.c:1114:6:readTouchX	8	static
main.c:1197:6:rs_analog_input	24	static
main.c:1204:6:rs_output	24	static
main.c:437:6:begin	16	static
main.c:1124:6:readTouchY	8	static
main.c:630:6:calibrateTouch	168	static
main.c:212:5:main	48	static
main.c:1074:6:readTouch	144	static
main.c:1213:6:cs_output	24	static
main.c:1222:6:reset_output	24	static
main.c:1231:6:ctl_init	8	static
main.c:1247:6:_Error_Handler	0	static
