main.c:197:6:HAL_ADC_ConvCpltCallback	0	static
main.c:265:6:SystemClock_Config	88	static
main.c:673:6:setCursor	0	static
main.c:678:6:setTextColor	0	static
main.c:683:6:setTextSize	0	static
main.c:761:6:rd_active	0	static
main.c:765:6:rd_idle	0	static
main.c:769:6:wr_active	0	static
main.c:773:6:wr_idle	0	static
main.c:777:6:rs_cmd	0	static
main.c:781:6:rs_data	0	static
main.c:785:6:cs_active	0	static
main.c:789:6:cs_idle	0	static
main.c:793:6:reset_active	0	static
main.c:797:6:reset_idle	0	static
main.c:801:6:wr_strobe	8	static
main.c:819:6:write_8	0	static
main.c:813:6:write8	8	static
main.c:806:6:write16	8	static
main.c:892:6:writeCmd	8	static
main.c:736:6:writeCmdData	16	static
main.c:494:6:invertDisplay	0	static
main.c:502:6:init_table16	16	static
main.c:727:6:vertScroll	0	static
main.c:744:6:setAddrWindow	24	static
main.c:560:6:drawPixel	16	static
main.c:715:6:drawHLine	24	static
main.c:721:6:drawVLine	24	static
main.c:708:6:drawRect	24	static
main.c:629:6:setRotation	16	static
main.c:517:6:fillRect	32	static
main.c:513:6:fillScreen	16	static
draw_char.h:13:6:drawChar	56	static
main.c:694:6:write	40	static
main.c:687:6:print	16	static
main.c:569:6:testDrawScreen	56	static
main.c:898:6:writeData	0	static
main.c:902:6:reset	8	static
main.c:912:6:setWriteDir	32	static
main.c:926:6:rd_output	24	static
main.c:935:6:wr_analog_input	24	static
main.c:942:6:wr_output	24	static
main.c:866:6:readTouchX	8	static
main.c:951:6:rs_analog_input	24	static
main.c:958:6:rs_output	24	static
main.c:436:6:begin	16	static
main.c:878:6:readTouchY	8	static
main.c:826:6:readTouch	144	static
main.c:212:5:main	48	static
main.c:967:6:cs_output	24	static
main.c:976:6:reset_output	24	static
main.c:985:6:ctl_init	8	static
main.c:1001:6:_Error_Handler	0	static
