main.c:198:6:HAL_ADC_ConvCpltCallback	0	static
main.c:268:6:SystemClock_Config	88	static
main.c:920:6:setCursor	0	static
main.c:925:6:setTextColor	0	static
main.c:930:6:setTextSize	0	static
main.c:1008:6:rd_active	0	static
main.c:1012:6:rd_idle	0	static
main.c:1016:6:wr_active	0	static
main.c:1020:6:wr_idle	0	static
main.c:1024:6:rs_cmd	0	static
main.c:1028:6:rs_data	0	static
main.c:1032:6:cs_active	0	static
main.c:1036:6:cs_idle	0	static
main.c:1040:6:reset_active	0	static
main.c:1044:6:reset_idle	0	static
main.c:1048:6:wr_strobe	8	static
main.c:1066:6:write_8	0	static
main.c:1060:6:write8	8	static
main.c:1053:6:write16	8	static
main.c:1137:6:writeCmd	8	static
main.c:983:6:writeCmdData	16	static
main.c:512:6:invertDisplay	0	static
main.c:520:6:init_table16	16	static
main.c:974:6:vertScroll	0	static
main.c:991:6:setAddrWindow	24	static
main.c:578:6:drawPixel	16	static
main.c:962:6:drawHLine	24	static
main.c:968:6:drawVLine	24	static
main.c:955:6:drawRect	24	static
main.c:876:6:setRotation	16	static
main.c:535:6:fillRect	32	static
main.c:531:6:fillScreen	16	static
draw_char.h:13:6:drawChar	56	static
main.c:941:6:write	40	static
main.c:934:6:print	16	static
main.c:587:6:testDrawScreen	56	static
main.c:1143:6:writeData	0	static
main.c:1147:6:reset	8	static
main.c:1157:6:setWriteDir	32	static
main.c:1171:6:rd_output	24	static
main.c:1180:6:wr_analog_input	24	static
main.c:1187:6:wr_output	24	static
main.c:1113:6:readTouchX	8	static
main.c:1196:6:rs_analog_input	24	static
main.c:1203:6:rs_output	24	static
main.c:454:6:begin	16	static
main.c:1123:6:readTouchY	8	static
main.c:631:6:calibrateTouch	168	static
main.c:214:5:main	48	static
main.c:1073:6:readTouch	144	static
main.c:1212:6:cs_output	24	static
main.c:1221:6:reset_output	24	static
main.c:1230:6:ctl_init	8	static
main.c:1246:6:_Error_Handler	0	static
