main.c:381:6:readLDR	16	static
main.c:510:6:SystemClock_Config	88	static
main.c:1455:6:setCursor	0	static
main.c:1460:6:setTextColor	0	static
main.c:1465:6:setTextSize	0	static
main.c:1572:6:rd_active	0	static
main.c:1576:6:rd_idle	0	static
main.c:1580:6:wr_active	0	static
main.c:1584:6:wr_idle	0	static
main.c:1588:6:rs_cmd	0	static
main.c:1592:6:rs_data	0	static
main.c:1596:6:cs_active	0	static
main.c:1600:6:cs_idle	0	static
main.c:1604:6:reset_active	0	static
main.c:1608:6:reset_idle	0	static
main.c:1612:6:wr_strobe	8	static
main.c:1630:6:write_8	0	static
main.c:1624:6:write8	8	static
main.c:1617:6:write16	8	static
main.c:1637:6:writeCmd	8	static
main.c:1518:6:writeCmdData	16	static
main.c:781:6:invertDisplay	0	static
main.c:789:6:init_table16	16	static
main.c:1509:6:vertScroll	0	static
main.c:1555:6:setAddrWindow	24	static
main.c:847:6:drawPixel	16	static
main.c:1497:6:drawHLine	24	static
main.c:1503:6:drawVLine	24	static
main.c:1490:6:drawRect	24	static
main.c:1543:6:drawCross	48	static
main.c:1411:6:setRotation	16	static
main.c:804:6:fillRect	32	static
main.c:345:6:drawWave	24	static
main.c:303:6:HAL_TIM_PeriodElapsedCallback	8	static
main.c:800:6:fillScreen	16	static
main.c:1525:6:drawChar	80	static
main.c:1476:6:write	40	static
main.c:1469:6:print	16	static
main.c:318:6:drawFrame	56	static
main.c:862:6:testDrawScreen	48	static
main.c:1643:6:writeData	0	static
main.c:1647:6:reset	8	static
main.c:1657:6:setWriteDir	32	static
main.c:1671:6:rd_output	24	static
main.c:1680:6:wr_analog_input	24	static
main.c:477:6:readTouchX	8	static
main.c:1687:6:wr_output	24	static
main.c:1696:6:rs_analog_input	24	static
main.c:486:6:readTouchY	8	static
main.c:498:6:readTouchZ	8	static
main.c:359:6:ISPRESSED	32	static
main.c:390:6:readTouch	152	static
main.c:922:6:calibrateTouch	248	static
main.c:1703:6:rs_output	24	static
main.c:219:6:HAL_ADC_ConvCpltCallback	8	static
main.c:723:6:begin	16	static
main.c:237:5:main	56	static
main.c:1712:6:cs_output	24	static
main.c:1721:6:reset_output	24	static
main.c:1730:6:ctl_init	8	static
main.c:1746:6:_Error_Handler	0	static
