main.c:202:6:HAL_ADC_ConvCpltCallback	0	static
main.c:272:6:SystemClock_Config	88	static
main.c:1170:6:setCursor	0	static
main.c:1175:6:setTextColor	0	static
main.c:1180:6:setTextSize	0	static
main.c:1258:6:rd_active	0	static
main.c:1262:6:rd_idle	0	static
main.c:1266:6:wr_active	0	static
main.c:1270:6:wr_idle	0	static
main.c:1274:6:rs_cmd	0	static
main.c:1278:6:rs_data	0	static
main.c:1282:6:cs_active	0	static
main.c:1286:6:cs_idle	0	static
main.c:1290:6:reset_active	0	static
main.c:1294:6:reset_idle	0	static
main.c:1298:6:wr_strobe	8	static
main.c:1316:6:write_8	0	static
main.c:1310:6:write8	8	static
main.c:1303:6:write16	8	static
main.c:1416:6:writeCmd	8	static
main.c:1233:6:writeCmdData	16	static
main.c:516:6:invertDisplay	0	static
main.c:524:6:init_table16	16	static
main.c:1224:6:vertScroll	0	static
main.c:1241:6:setAddrWindow	24	static
main.c:1051:6:drawPixel	16	static
main.c:1212:6:drawHLine	24	static
main.c:1218:6:drawVLine	24	static
main.c:1205:6:drawRect	24	static
main.c:1126:6:setRotation	16	static
main.c:1008:6:fillRect	32	static
main.c:535:6:fillScreen	16	static
main.c:539:6:drawChar	72	static
main.c:1191:6:write	40	static
main.c:1184:6:print	16	static
main.c:1389:6:readLDR	88	static
main.c:1060:6:testDrawScreen	56	static
main.c:1422:6:writeData	0	static
main.c:1426:6:reset	8	static
main.c:1436:6:setWriteDir	32	static
main.c:1450:6:rd_output	24	static
main.c:1459:6:wr_analog_input	24	static
main.c:1466:6:wr_output	24	static
main.c:1363:6:readTouchX	8	static
main.c:1475:6:rs_analog_input	24	static
main.c:1482:6:rs_output	24	static
main.c:458:6:begin	16	static
main.c:1375:6:readTouchY	8	static
main.c:1323:6:readTouch	144	static
main.c:218:5:main	48	static
main.c:1491:6:cs_output	24	static
main.c:1500:6:reset_output	24	static
main.c:1509:6:ctl_init	8	static
main.c:1525:6:_Error_Handler	0	static
