main.c:276:6:SystemClock_Config	88	static
main.c:1206:6:setCursor	0	static
main.c:1211:6:setTextColor	0	static
main.c:1216:6:setTextSize	0	static
main.c:1323:6:rd_active	0	static
main.c:1327:6:rd_idle	0	static
main.c:1331:6:wr_active	0	static
main.c:1335:6:wr_idle	0	static
main.c:1339:6:rs_cmd	0	static
main.c:1343:6:rs_data	0	static
main.c:1347:6:cs_active	0	static
main.c:1351:6:cs_idle	0	static
main.c:1355:6:reset_active	0	static
main.c:1359:6:reset_idle	0	static
main.c:1363:6:wr_strobe	8	static
main.c:1381:6:write_8	0	static
main.c:1375:6:write8	8	static
main.c:1368:6:write16	8	static
main.c:1498:6:writeCmd	8	static
main.c:1269:6:writeCmdData	16	static
main.c:527:6:invertDisplay	0	static
main.c:535:6:init_table16	16	static
main.c:1260:6:vertScroll	0	static
main.c:1306:6:setAddrWindow	24	static
main.c:593:6:drawPixel	16	static
main.c:1248:6:drawHLine	24	static
main.c:1254:6:drawVLine	24	static
main.c:1241:6:drawRect	24	static
main.c:1294:6:drawCross	48	static
main.c:1162:6:setRotation	16	static
main.c:550:6:fillRect	32	static
main.c:546:6:fillScreen	16	static
main.c:1276:6:drawChar	80	static
main.c:1227:6:write	40	static
main.c:1220:6:print	16	static
main.c:608:6:testDrawScreen	56	static
main.c:1504:6:writeData	0	static
main.c:1508:6:reset	8	static
main.c:1518:6:setWriteDir	32	static
main.c:1532:6:rd_output	24	static
main.c:1541:6:wr_analog_input	24	static
main.c:1465:6:readTouchX	8	static
main.c:1548:6:wr_output	24	static
main.c:1557:6:rs_analog_input	24	static
main.c:1474:6:readTouchY	8	static
main.c:1388:6:readTouch	24	static
main.c:1486:6:readTouchZ	8	static
main.c:505:6:ISPRESSED	32	static
main.c:673:6:calibrateTouch	248	static
main.c:1564:6:rs_output	24	static
main.c:203:6:HAL_ADC_ConvCpltCallback	8	static
main.c:447:6:begin	16	static
main.c:220:5:main	48	static
main.c:1573:6:cs_output	24	static
main.c:1582:6:reset_output	24	static
main.c:1591:6:ctl_init	8	static
main.c:1607:6:_Error_Handler	0	static
