main.c:200:6:HAL_ADC_ConvCpltCallback	0	static
main.c:271:6:SystemClock_Config	88	static
main.c:933:6:setCursor	0	static
main.c:938:6:setTextColor	0	static
main.c:943:6:setTextSize	0	static
main.c:1034:6:rd_active	0	static
main.c:1038:6:rd_idle	0	static
main.c:1042:6:wr_active	0	static
main.c:1046:6:wr_idle	0	static
main.c:1050:6:rs_cmd	0	static
main.c:1054:6:rs_data	0	static
main.c:1058:6:cs_active	0	static
main.c:1062:6:cs_idle	0	static
main.c:1066:6:reset_active	0	static
main.c:1070:6:reset_idle	0	static
main.c:1074:6:wr_strobe	8	static
main.c:1092:6:write_8	0	static
main.c:1086:6:write8	8	static
main.c:1079:6:write16	8	static
main.c:1209:6:writeCmd	8	static
main.c:996:6:writeCmdData	16	static
main.c:500:6:invertDisplay	0	static
main.c:508:6:init_table16	16	static
main.c:987:6:vertScroll	0	static
main.c:1017:6:setAddrWindow	24	static
main.c:566:6:drawPixel	16	static
main.c:975:6:drawHLine	24	static
main.c:981:6:drawVLine	24	static
main.c:968:6:drawRect	24	static
main.c:889:6:setRotation	16	static
main.c:523:6:fillRect	32	static
main.c:519:6:fillScreen	16	static
main.c:1003:6:drawChar	72	static
main.c:954:6:write	40	static
main.c:947:6:print	16	static
main.c:581:6:testDrawScreen	56	static
main.c:1215:6:writeData	0	static
main.c:1219:6:reset	8	static
main.c:1229:6:setWriteDir	32	static
main.c:1243:6:rd_output	24	static
main.c:1252:6:wr_analog_input	24	static
main.c:1259:6:wr_output	24	static
main.c:1172:6:readTouchX	8	static
main.c:1268:6:rs_analog_input	24	static
main.c:1275:6:rs_output	24	static
main.c:442:6:begin	16	static
main.c:1182:6:readTouchY	8	static
main.c:646:6:calibrateTouch	168	static
main.c:1195:6:readTouchZ	8	static
main.c:1099:6:readTouch	152	static
main.c:215:5:main	48	static
main.c:1284:6:cs_output	24	static
main.c:1293:6:reset_output	24	static
main.c:1302:6:ctl_init	8	static
main.c:1318:6:_Error_Handler	0	static
