main.c:199:6:HAL_ADC_ConvCpltCallback	0	static
main.c:268:6:SystemClock_Config	88	static
main.c:1160:6:setCursor	0	static
main.c:1165:6:setTextColor	0	static
main.c:1170:6:setTextSize	0	static
main.c:1248:6:rd_active	0	static
main.c:1252:6:rd_idle	0	static
main.c:1256:6:wr_active	0	static
main.c:1260:6:wr_idle	0	static
main.c:1264:6:rs_cmd	0	static
main.c:1268:6:rs_data	0	static
main.c:1272:6:cs_active	0	static
main.c:1276:6:cs_idle	0	static
main.c:1280:6:reset_active	0	static
main.c:1284:6:reset_idle	0	static
main.c:1288:6:wr_strobe	8	static
main.c:1306:6:write_8	0	static
main.c:1300:6:write8	8	static
main.c:1293:6:write16	8	static
main.c:1379:6:writeCmd	8	static
main.c:1223:6:writeCmdData	16	static
main.c:512:6:invertDisplay	0	static
main.c:520:6:init_table16	16	static
main.c:1214:6:vertScroll	0	static
main.c:1231:6:setAddrWindow	24	static
main.c:1047:6:drawPixel	16	static
main.c:1202:6:drawHLine	24	static
main.c:1208:6:drawVLine	24	static
main.c:1195:6:drawRect	24	static
main.c:1116:6:setRotation	16	static
main.c:1004:6:fillRect	32	static
main.c:531:6:fillScreen	16	static
main.c:535:6:drawChar	72	static
main.c:1181:6:write	40	static
main.c:1174:6:print	16	static
main.c:1056:6:testDrawScreen	56	static
main.c:1385:6:writeData	0	static
main.c:1389:6:reset	8	static
main.c:1399:6:setWriteDir	32	static
main.c:1413:6:rd_output	24	static
main.c:1422:6:wr_analog_input	24	static
main.c:1429:6:wr_output	24	static
main.c:1353:6:readTouchX	8	static
main.c:1438:6:rs_analog_input	24	static
main.c:1445:6:rs_output	24	static
main.c:454:6:begin	16	static
main.c:1365:6:readTouchY	8	static
main.c:1313:6:readTouch	144	static
main.c:215:5:main	48	static
main.c:1454:6:cs_output	24	static
main.c:1463:6:reset_output	24	static
main.c:1472:6:ctl_init	8	static
main.c:1488:6:_Error_Handler	0	static
