main.c:276:6:SystemClock_Config	88	static
main.c:1002:6:setCursor	0	static
main.c:1007:6:setTextColor	0	static
main.c:1012:6:setTextSize	0	static
main.c:1112:6:rd_active	0	static
main.c:1116:6:rd_idle	0	static
main.c:1120:6:wr_active	0	static
main.c:1124:6:wr_idle	0	static
main.c:1128:6:rs_cmd	0	static
main.c:1132:6:rs_data	0	static
main.c:1136:6:cs_active	0	static
main.c:1140:6:cs_idle	0	static
main.c:1144:6:reset_active	0	static
main.c:1148:6:reset_idle	0	static
main.c:1152:6:wr_strobe	8	static
main.c:1170:6:write_8	0	static
main.c:1164:6:write8	8	static
main.c:1157:6:write16	8	static
main.c:1287:6:writeCmd	8	static
main.c:1065:6:writeCmdData	16	static
main.c:527:6:invertDisplay	0	static
main.c:535:6:init_table16	16	static
main.c:1056:6:vertScroll	0	static
main.c:1095:6:setAddrWindow	24	static
main.c:593:6:drawPixel	16	static
main.c:1044:6:drawHLine	24	static
main.c:1050:6:drawVLine	24	static
main.c:1037:6:drawRect	24	static
main.c:1085:6:drawCross	48	static
main.c:958:6:setRotation	16	static
main.c:550:6:fillRect	32	static
main.c:546:6:fillScreen	16	static
main.c:1072:6:drawChar	72	static
main.c:1023:6:write	40	static
main.c:1016:6:print	16	static
main.c:608:6:testDrawScreen	56	static
main.c:1293:6:writeData	0	static
main.c:1297:6:reset	8	static
main.c:1307:6:setWriteDir	32	static
main.c:1321:6:rd_output	24	static
main.c:1330:6:wr_analog_input	24	static
main.c:1254:6:readTouchX	8	static
main.c:1337:6:wr_output	24	static
main.c:1346:6:rs_analog_input	24	static
main.c:1263:6:readTouchY	8	static
main.c:1177:6:readTouch	24	static
main.c:1275:6:readTouchZ	8	static
main.c:505:6:ISPRESSED	32	static
main.c:673:6:calibrateTouch	56	static
main.c:1353:6:rs_output	24	static
main.c:203:6:HAL_ADC_ConvCpltCallback	8	static
main.c:447:6:begin	16	static
main.c:220:5:main	48	static
main.c:1362:6:cs_output	24	static
main.c:1371:6:reset_output	24	static
main.c:1380:6:ctl_init	8	static
main.c:1396:6:_Error_Handler	0	static
