main.c:259:6:SystemClock_Config	72	static
main.c:672:6:setCursor	0	static
main.c:677:6:setTextColor	0	static
main.c:682:6:setTextSize	0	static
main.c:760:6:rd_active	0	static
main.c:764:6:rd_idle	0	static
main.c:768:6:wr_active	0	static
main.c:772:6:wr_idle	0	static
main.c:776:6:rs_cmd	0	static
main.c:780:6:rs_data	0	static
main.c:784:6:cs_active	0	static
main.c:788:6:cs_idle	0	static
main.c:792:6:reset_active	0	static
main.c:796:6:reset_idle	0	static
main.c:800:6:wr_strobe	8	static
main.c:818:6:write_8	0	static
main.c:812:6:write8	8	static
main.c:805:6:write16	8	static
main.c:891:6:writeCmd	8	static
main.c:735:6:writeCmdData	16	static
main.c:493:6:invertDisplay	0	static
main.c:501:6:init_table16	16	static
main.c:726:6:vertScroll	0	static
main.c:743:6:setAddrWindow	24	static
main.c:559:6:drawPixel	16	static
main.c:714:6:drawHLine	24	static
main.c:720:6:drawVLine	24	static
main.c:707:6:drawRect	24	static
main.c:628:6:setRotation	16	static
main.c:516:6:fillRect	32	static
main.c:512:6:fillScreen	16	static
draw_char.h:13:6:drawChar	56	static
main.c:693:6:write	40	static
main.c:686:6:print	16	static
main.c:568:6:testDrawScreen	56	static
main.c:897:6:writeData	0	static
main.c:901:6:reset	8	static
main.c:911:6:setWriteDir	32	static
main.c:925:6:rd_output	24	static
main.c:934:6:wr_analog_input	24	static
main.c:941:6:wr_output	24	static
main.c:950:6:rs_analog_input	24	static
main.c:957:6:rs_output	24	static
main.c:372:6:begin	16	static
main.c:208:5:main	40	static
main.c:966:6:cs_output	24	static
main.c:975:6:reset_output	24	static
main.c:984:6:ctl_init	8	static
main.c:1000:6:_Error_Handler	0	static
