main.c:276:6:SystemClock_Config	88	static
main.c:1256:6:setCursor	0	static
main.c:1261:6:setTextColor	0	static
main.c:1266:6:setTextSize	0	static
main.c:1373:6:rd_active	0	static
main.c:1377:6:rd_idle	0	static
main.c:1381:6:wr_active	0	static
main.c:1385:6:wr_idle	0	static
main.c:1389:6:rs_cmd	0	static
main.c:1393:6:rs_data	0	static
main.c:1397:6:cs_active	0	static
main.c:1401:6:cs_idle	0	static
main.c:1405:6:reset_active	0	static
main.c:1409:6:reset_idle	0	static
main.c:1413:6:wr_strobe	8	static
main.c:1431:6:write_8	0	static
main.c:1425:6:write8	8	static
main.c:1418:6:write16	8	static
main.c:1548:6:writeCmd	8	static
main.c:1319:6:writeCmdData	16	static
main.c:527:6:invertDisplay	0	static
main.c:535:6:init_table16	16	static
main.c:1310:6:vertScroll	0	static
main.c:1356:6:setAddrWindow	24	static
main.c:593:6:drawPixel	16	static
main.c:1298:6:drawHLine	24	static
main.c:1304:6:drawVLine	24	static
main.c:1291:6:drawRect	24	static
main.c:1344:6:drawCross	48	static
main.c:1212:6:setRotation	16	static
main.c:550:6:fillRect	32	static
main.c:546:6:fillScreen	16	static
main.c:1326:6:drawChar	80	static
main.c:1277:6:write	40	static
main.c:1270:6:print	16	static
main.c:608:6:testDrawScreen	56	static
main.c:1554:6:writeData	0	static
main.c:1558:6:reset	8	static
main.c:1568:6:setWriteDir	32	static
main.c:1582:6:rd_output	24	static
main.c:1591:6:wr_analog_input	24	static
main.c:1515:6:readTouchX	8	static
main.c:1598:6:wr_output	24	static
main.c:1607:6:rs_analog_input	24	static
main.c:1524:6:readTouchY	8	static
main.c:1536:6:readTouchZ	8	static
main.c:505:6:ISPRESSED	32	static
main.c:1438:6:readTouch	144	static
main.c:673:6:calibrateTouch	144	static
main.c:1614:6:rs_output	24	static
main.c:203:6:HAL_ADC_ConvCpltCallback	8	static
main.c:447:6:begin	16	static
main.c:220:5:main	48	static
main.c:1623:6:cs_output	24	static
main.c:1632:6:reset_output	24	static
main.c:1641:6:ctl_init	8	static
main.c:1657:6:_Error_Handler	0	static
