main.c:358:6:readLDR	16	static
main.c:509:6:SystemClock_Config	88	static
main.c:1454:6:setCursor	0	static
main.c:1459:6:setTextColor	0	static
main.c:1464:6:setTextSize	0	static
main.c:1571:6:rd_active	0	static
main.c:1575:6:rd_idle	0	static
main.c:1579:6:wr_active	0	static
main.c:1583:6:wr_idle	0	static
main.c:1587:6:rs_cmd	0	static
main.c:1591:6:rs_data	0	static
main.c:1595:6:cs_active	0	static
main.c:1599:6:cs_idle	0	static
main.c:1603:6:reset_active	0	static
main.c:1607:6:reset_idle	0	static
main.c:1611:6:wr_strobe	8	static
main.c:1629:6:write_8	0	static
main.c:1623:6:write8	8	static
main.c:1616:6:write16	8	static
main.c:1636:6:writeCmd	8	static
main.c:1517:6:writeCmdData	16	static
main.c:780:6:invertDisplay	0	static
main.c:788:6:init_table16	16	static
main.c:1508:6:vertScroll	0	static
main.c:1554:6:setAddrWindow	24	static
main.c:846:6:drawPixel	16	static
main.c:1496:6:drawHLine	24	static
main.c:1502:6:drawVLine	24	static
main.c:1489:6:drawRect	24	static
main.c:1542:6:drawCross	48	static
main.c:1410:6:setRotation	16	static
main.c:803:6:fillRect	32	static
main.c:345:6:drawWave	24	static
main.c:303:6:HAL_TIM_PeriodElapsedCallback	8	static
main.c:799:6:fillScreen	16	static
main.c:1524:6:drawChar	80	static
main.c:1475:6:write	40	static
main.c:1468:6:print	16	static
main.c:318:6:drawFrame	56	static
main.c:861:6:testDrawScreen	48	static
main.c:1642:6:writeData	0	static
main.c:1646:6:reset	8	static
main.c:1656:6:setWriteDir	32	static
main.c:1670:6:rd_output	24	static
main.c:1679:6:wr_analog_input	24	static
main.c:476:6:readTouchX	8	static
main.c:1686:6:wr_output	24	static
main.c:1695:6:rs_analog_input	24	static
main.c:485:6:readTouchY	8	static
main.c:497:6:readTouchZ	8	static
main.c:367:6:ISPRESSED	32	static
main.c:389:6:readTouch	152	static
main.c:921:6:calibrateTouch	248	static
main.c:1702:6:rs_output	24	static
main.c:219:6:HAL_ADC_ConvCpltCallback	8	static
main.c:722:6:begin	16	static
main.c:237:5:main	56	static
main.c:1711:6:cs_output	24	static
main.c:1720:6:reset_output	24	static
main.c:1729:6:ctl_init	8	static
main.c:1745:6:_Error_Handler	0	static
