stm32f1xx_it.c:54:6:NMI_Handler	0	static
stm32f1xx_it.c:67:6:HardFault_Handler	0	static
stm32f1xx_it.c:85:6:MemManage_Handler	0	static
stm32f1xx_it.c:103:6:BusFault_Handler	0	static
stm32f1xx_it.c:121:6:UsageFault_Handler	0	static
stm32f1xx_it.c:139:6:SVC_Handler	0	static
stm32f1xx_it.c:152:6:DebugMon_Handler	0	static
stm32f1xx_it.c:165:6:PendSV_Handler	0	static
stm32f1xx_it.c:178:6:SysTick_Handler	8	static
stm32f1xx_it.c:200:6:DMA1_Channel1_IRQHandler	0	static
stm32f1xx_it.c:214:6:ADC1_2_IRQHandler	0	static
stm32f1xx_it.c:228:6:TIM2_IRQHandler	0	static
